<?xml version="1.0" encoding="ISO-8859-1" ?>
<link_info>
   <banner>TI ARM Linker Unix v20.2.7.LTS</banner>
   <copyright>Copyright (c) 1996-2018 Texas Instruments Incorporated</copyright>
   <link_time>0x638e2a6e</link_time>
   <link_errors>0x0</link_errors>
   <output_file>Lab8-Pen.out</output_file>
   <entry_point>
      <name>_c_int00_noargs</name>
      <address>0x5fb1</address>
   </entry_point>
   <input_file_list>
      <input_file id="fl-1">
         <path>./</path>
         <kind>object</kind>
         <file>clock.obj</file>
         <name>clock.obj</name>
      </input_file>
      <input_file id="fl-2">
         <path>./</path>
         <kind>object</kind>
         <file>commands.obj</file>
         <name>commands.obj</name>
      </input_file>
      <input_file id="fl-3">
         <path>./</path>
         <kind>object</kind>
         <file>eeprom.obj</file>
         <name>eeprom.obj</name>
      </input_file>
      <input_file id="fl-4">
         <path>./</path>
         <kind>object</kind>
         <file>gpio.obj</file>
         <name>gpio.obj</name>
      </input_file>
      <input_file id="fl-5">
         <path>./</path>
         <kind>object</kind>
         <file>i2c0.obj</file>
         <name>i2c0.obj</name>
      </input_file>
      <input_file id="fl-6">
         <path>./</path>
         <kind>object</kind>
         <file>i2c0_lcd.obj</file>
         <name>i2c0_lcd.obj</name>
      </input_file>
      <input_file id="fl-7">
         <path>./</path>
         <kind>object</kind>
         <file>main.obj</file>
         <name>main.obj</name>
      </input_file>
      <input_file id="fl-8">
         <path>./</path>
         <kind>object</kind>
         <file>nvic.obj</file>
         <name>nvic.obj</name>
      </input_file>
      <input_file id="fl-9">
         <path>./</path>
         <kind>object</kind>
         <file>strings.obj</file>
         <name>strings.obj</name>
      </input_file>
      <input_file id="fl-a">
         <path>./</path>
         <kind>object</kind>
         <file>timer.obj</file>
         <name>timer.obj</name>
      </input_file>
      <input_file id="fl-b">
         <path>./</path>
         <kind>object</kind>
         <file>tm4c123gh6pm_startup_ccs.obj</file>
         <name>tm4c123gh6pm_startup_ccs.obj</name>
      </input_file>
      <input_file id="fl-c">
         <path>./</path>
         <kind>object</kind>
         <file>uart0.obj</file>
         <name>uart0.obj</name>
      </input_file>
      <input_file id="fl-d">
         <path>./</path>
         <kind>object</kind>
         <file>wait.obj</file>
         <name>wait.obj</name>
      </input_file>
      <input_file id="fl-11">
         <kind>object</kind>
         <file>&lt;internal&gt;</file>
         <name>&lt;internal&gt;</name>
      </input_file>
      <input_file id="fl-c7">
         <path>/home/prithvi/Applications/ccs/tools/compiler/ti-cgt-arm_20.2.7.LTS/lib/</path>
         <kind>archive</kind>
         <file>rtsv7M4_T_le_v4SPD16_eabi.lib</file>
         <name>e_pow.c.obj</name>
      </input_file>
      <input_file id="fl-c8">
         <path>/home/prithvi/Applications/ccs/tools/compiler/ti-cgt-arm_20.2.7.LTS/lib/</path>
         <kind>archive</kind>
         <file>rtsv7M4_T_le_v4SPD16_eabi.lib</file>
         <name>e_sqrt.c.obj</name>
      </input_file>
      <input_file id="fl-c9">
         <path>/home/prithvi/Applications/ccs/tools/compiler/ti-cgt-arm_20.2.7.LTS/lib/</path>
         <kind>archive</kind>
         <file>rtsv7M4_T_le_v4SPD16_eabi.lib</file>
         <name>s_scalbn.c.obj</name>
      </input_file>
      <input_file id="fl-ca">
         <path>/home/prithvi/Applications/ccs/tools/compiler/ti-cgt-arm_20.2.7.LTS/lib/</path>
         <kind>archive</kind>
         <file>rtsv7M4_T_le_v4SPD16_eabi.lib</file>
         <name>fprintf.c.obj</name>
      </input_file>
      <input_file id="fl-cb">
         <path>/home/prithvi/Applications/ccs/tools/compiler/ti-cgt-arm_20.2.7.LTS/lib/</path>
         <kind>archive</kind>
         <file>rtsv7M4_T_le_v4SPD16_eabi.lib</file>
         <name>_printfi.c.obj</name>
      </input_file>
      <input_file id="fl-cc">
         <path>/home/prithvi/Applications/ccs/tools/compiler/ti-cgt-arm_20.2.7.LTS/lib/</path>
         <kind>archive</kind>
         <file>rtsv7M4_T_le_v4SPD16_eabi.lib</file>
         <name>sprintf.c.obj</name>
      </input_file>
      <input_file id="fl-cd">
         <path>/home/prithvi/Applications/ccs/tools/compiler/ti-cgt-arm_20.2.7.LTS/lib/</path>
         <kind>archive</kind>
         <file>rtsv7M4_T_le_v4SPD16_eabi.lib</file>
         <name>fputc.c.obj</name>
      </input_file>
      <input_file id="fl-ce">
         <path>/home/prithvi/Applications/ccs/tools/compiler/ti-cgt-arm_20.2.7.LTS/lib/</path>
         <kind>archive</kind>
         <file>rtsv7M4_T_le_v4SPD16_eabi.lib</file>
         <name>fputs.c.obj</name>
      </input_file>
      <input_file id="fl-cf">
         <path>/home/prithvi/Applications/ccs/tools/compiler/ti-cgt-arm_20.2.7.LTS/lib/</path>
         <kind>archive</kind>
         <file>rtsv7M4_T_le_v4SPD16_eabi.lib</file>
         <name>_io_perm.c.obj</name>
      </input_file>
      <input_file id="fl-d0">
         <path>/home/prithvi/Applications/ccs/tools/compiler/ti-cgt-arm_20.2.7.LTS/lib/</path>
         <kind>archive</kind>
         <file>rtsv7M4_T_le_v4SPD16_eabi.lib</file>
         <name>setvbuf.c.obj</name>
      </input_file>
      <input_file id="fl-d1">
         <path>/home/prithvi/Applications/ccs/tools/compiler/ti-cgt-arm_20.2.7.LTS/lib/</path>
         <kind>archive</kind>
         <file>rtsv7M4_T_le_v4SPD16_eabi.lib</file>
         <name>fd_add_t2.asm.obj</name>
      </input_file>
      <input_file id="fl-d2">
         <path>/home/prithvi/Applications/ccs/tools/compiler/ti-cgt-arm_20.2.7.LTS/lib/</path>
         <kind>archive</kind>
         <file>rtsv7M4_T_le_v4SPD16_eabi.lib</file>
         <name>fd_cmp_t2.asm.obj</name>
      </input_file>
      <input_file id="fl-d3">
         <path>/home/prithvi/Applications/ccs/tools/compiler/ti-cgt-arm_20.2.7.LTS/lib/</path>
         <kind>archive</kind>
         <file>rtsv7M4_T_le_v4SPD16_eabi.lib</file>
         <name>fd_div_t2.asm.obj</name>
      </input_file>
      <input_file id="fl-d4">
         <path>/home/prithvi/Applications/ccs/tools/compiler/ti-cgt-arm_20.2.7.LTS/lib/</path>
         <kind>archive</kind>
         <file>rtsv7M4_T_le_v4SPD16_eabi.lib</file>
         <name>fd_mul_t2.asm.obj</name>
      </input_file>
      <input_file id="fl-d5">
         <path>/home/prithvi/Applications/ccs/tools/compiler/ti-cgt-arm_20.2.7.LTS/lib/</path>
         <kind>archive</kind>
         <file>rtsv7M4_T_le_v4SPD16_eabi.lib</file>
         <name>fd_toi_t2.asm.obj</name>
      </input_file>
      <input_file id="fl-d6">
         <path>/home/prithvi/Applications/ccs/tools/compiler/ti-cgt-arm_20.2.7.LTS/lib/</path>
         <kind>archive</kind>
         <file>rtsv7M4_T_le_v4SPD16_eabi.lib</file>
         <name>fd_tos_t2.asm.obj</name>
      </input_file>
      <input_file id="fl-d7">
         <path>/home/prithvi/Applications/ccs/tools/compiler/ti-cgt-arm_20.2.7.LTS/lib/</path>
         <kind>archive</kind>
         <file>rtsv7M4_T_le_v4SPD16_eabi.lib</file>
         <name>fd_tou_t2.asm.obj</name>
      </input_file>
      <input_file id="fl-d8">
         <path>/home/prithvi/Applications/ccs/tools/compiler/ti-cgt-arm_20.2.7.LTS/lib/</path>
         <kind>archive</kind>
         <file>rtsv7M4_T_le_v4SPD16_eabi.lib</file>
         <name>fs_tod_t2.asm.obj</name>
      </input_file>
      <input_file id="fl-d9">
         <path>/home/prithvi/Applications/ccs/tools/compiler/ti-cgt-arm_20.2.7.LTS/lib/</path>
         <kind>archive</kind>
         <file>rtsv7M4_T_le_v4SPD16_eabi.lib</file>
         <name>i_tofd_t2.asm.obj</name>
      </input_file>
      <input_file id="fl-da">
         <path>/home/prithvi/Applications/ccs/tools/compiler/ti-cgt-arm_20.2.7.LTS/lib/</path>
         <kind>archive</kind>
         <file>rtsv7M4_T_le_v4SPD16_eabi.lib</file>
         <name>memcpy_t2.asm.obj</name>
      </input_file>
      <input_file id="fl-db">
         <path>/home/prithvi/Applications/ccs/tools/compiler/ti-cgt-arm_20.2.7.LTS/lib/</path>
         <kind>archive</kind>
         <file>rtsv7M4_T_le_v4SPD16_eabi.lib</file>
         <name>u_tofd_t2.asm.obj</name>
      </input_file>
      <input_file id="fl-dc">
         <path>/home/prithvi/Applications/ccs/tools/compiler/ti-cgt-arm_20.2.7.LTS/lib/</path>
         <kind>archive</kind>
         <file>rtsv7M4_T_le_v4SPD16_eabi.lib</file>
         <name>memset_t2.asm.obj</name>
      </input_file>
      <input_file id="fl-dd">
         <path>/home/prithvi/Applications/ccs/tools/compiler/ti-cgt-arm_20.2.7.LTS/lib/</path>
         <kind>archive</kind>
         <file>rtsv7M4_T_le_v4SPD16_eabi.lib</file>
         <name>ull_div_t2.asm.obj</name>
      </input_file>
      <input_file id="fl-de">
         <path>/home/prithvi/Applications/ccs/tools/compiler/ti-cgt-arm_20.2.7.LTS/lib/</path>
         <kind>archive</kind>
         <file>rtsv7M4_T_le_v4SPD16_eabi.lib</file>
         <name>copy_zero_init.c.obj</name>
      </input_file>
      <input_file id="fl-df">
         <path>/home/prithvi/Applications/ccs/tools/compiler/ti-cgt-arm_20.2.7.LTS/lib/</path>
         <kind>archive</kind>
         <file>rtsv7M4_T_le_v4SPD16_eabi.lib</file>
         <name>copy_decompress_none.c.obj</name>
      </input_file>
      <input_file id="fl-e0">
         <path>/home/prithvi/Applications/ccs/tools/compiler/ti-cgt-arm_20.2.7.LTS/lib/</path>
         <kind>archive</kind>
         <file>rtsv7M4_T_le_v4SPD16_eabi.lib</file>
         <name>copy_decompress_lzss.c.obj</name>
      </input_file>
      <input_file id="fl-e1">
         <path>/home/prithvi/Applications/ccs/tools/compiler/ti-cgt-arm_20.2.7.LTS/lib/</path>
         <kind>archive</kind>
         <file>rtsv7M4_T_le_v4SPD16_eabi.lib</file>
         <name>exit.c.obj</name>
      </input_file>
      <input_file id="fl-e2">
         <path>/home/prithvi/Applications/ccs/tools/compiler/ti-cgt-arm_20.2.7.LTS/lib/</path>
         <kind>archive</kind>
         <file>rtsv7M4_T_le_v4SPD16_eabi.lib</file>
         <name>_lock.c.obj</name>
      </input_file>
      <input_file id="fl-e3">
         <path>/home/prithvi/Applications/ccs/tools/compiler/ti-cgt-arm_20.2.7.LTS/lib/</path>
         <kind>archive</kind>
         <file>rtsv7M4_T_le_v4SPD16_eabi.lib</file>
         <name>_ltoa.c.obj</name>
      </input_file>
      <input_file id="fl-e4">
         <path>/home/prithvi/Applications/ccs/tools/compiler/ti-cgt-arm_20.2.7.LTS/lib/</path>
         <kind>archive</kind>
         <file>rtsv7M4_T_le_v4SPD16_eabi.lib</file>
         <name>atoi.c.obj</name>
      </input_file>
      <input_file id="fl-e5">
         <path>/home/prithvi/Applications/ccs/tools/compiler/ti-cgt-arm_20.2.7.LTS/lib/</path>
         <kind>archive</kind>
         <file>rtsv7M4_T_le_v4SPD16_eabi.lib</file>
         <name>ctype.c.obj</name>
      </input_file>
      <input_file id="fl-e6">
         <path>/home/prithvi/Applications/ccs/tools/compiler/ti-cgt-arm_20.2.7.LTS/lib/</path>
         <kind>archive</kind>
         <file>rtsv7M4_T_le_v4SPD16_eabi.lib</file>
         <name>defs.c.obj</name>
      </input_file>
      <input_file id="fl-e7">
         <path>/home/prithvi/Applications/ccs/tools/compiler/ti-cgt-arm_20.2.7.LTS/lib/</path>
         <kind>archive</kind>
         <file>rtsv7M4_T_le_v4SPD16_eabi.lib</file>
         <name>memccpy.c.obj</name>
      </input_file>
      <input_file id="fl-e8">
         <path>/home/prithvi/Applications/ccs/tools/compiler/ti-cgt-arm_20.2.7.LTS/lib/</path>
         <kind>archive</kind>
         <file>rtsv7M4_T_le_v4SPD16_eabi.lib</file>
         <name>memchr.c.obj</name>
      </input_file>
      <input_file id="fl-e9">
         <path>/home/prithvi/Applications/ccs/tools/compiler/ti-cgt-arm_20.2.7.LTS/lib/</path>
         <kind>archive</kind>
         <file>rtsv7M4_T_le_v4SPD16_eabi.lib</file>
         <name>memory.c.obj</name>
      </input_file>
      <input_file id="fl-ea">
         <path>/home/prithvi/Applications/ccs/tools/compiler/ti-cgt-arm_20.2.7.LTS/lib/</path>
         <kind>archive</kind>
         <file>rtsv7M4_T_le_v4SPD16_eabi.lib</file>
         <name>strchr.c.obj</name>
      </input_file>
      <input_file id="fl-eb">
         <path>/home/prithvi/Applications/ccs/tools/compiler/ti-cgt-arm_20.2.7.LTS/lib/</path>
         <kind>archive</kind>
         <file>rtsv7M4_T_le_v4SPD16_eabi.lib</file>
         <name>strcmp.c.obj</name>
      </input_file>
      <input_file id="fl-ec">
         <path>/home/prithvi/Applications/ccs/tools/compiler/ti-cgt-arm_20.2.7.LTS/lib/</path>
         <kind>archive</kind>
         <file>rtsv7M4_T_le_v4SPD16_eabi.lib</file>
         <name>strlen.c.obj</name>
      </input_file>
      <input_file id="fl-ed">
         <path>/home/prithvi/Applications/ccs/tools/compiler/ti-cgt-arm_20.2.7.LTS/lib/</path>
         <kind>archive</kind>
         <file>rtsv7M4_T_le_v4SPD16_eabi.lib</file>
         <name>boot_cortex_m.c.obj</name>
      </input_file>
      <input_file id="fl-ee">
         <path>/home/prithvi/Applications/ccs/tools/compiler/ti-cgt-arm_20.2.7.LTS/lib/</path>
         <kind>archive</kind>
         <file>rtsv7M4_T_le_v4SPD16_eabi.lib</file>
         <name>write.c.obj</name>
      </input_file>
      <input_file id="fl-ef">
         <path>/home/prithvi/Applications/ccs/tools/compiler/ti-cgt-arm_20.2.7.LTS/lib/</path>
         <kind>archive</kind>
         <file>rtsv7M4_T_le_v4SPD16_eabi.lib</file>
         <name>host_device.c.obj</name>
      </input_file>
      <input_file id="fl-f0">
         <path>/home/prithvi/Applications/ccs/tools/compiler/ti-cgt-arm_20.2.7.LTS/lib/</path>
         <kind>archive</kind>
         <file>rtsv7M4_T_le_v4SPD16_eabi.lib</file>
         <name>errno.c.obj</name>
      </input_file>
      <input_file id="fl-f1">
         <path>/home/prithvi/Applications/ccs/tools/compiler/ti-cgt-arm_20.2.7.LTS/lib/</path>
         <kind>archive</kind>
         <file>rtsv7M4_T_le_v4SPD16_eabi.lib</file>
         <name>wcslen.c.obj</name>
      </input_file>
      <input_file id="fl-f2">
         <path>/home/prithvi/Applications/ccs/tools/compiler/ti-cgt-arm_20.2.7.LTS/lib/</path>
         <kind>archive</kind>
         <file>rtsv7M4_T_le_v4SPD16_eabi.lib</file>
         <name>s_copysign.c.obj</name>
      </input_file>
      <input_file id="fl-f3">
         <path>/home/prithvi/Applications/ccs/tools/compiler/ti-cgt-arm_20.2.7.LTS/lib/</path>
         <kind>archive</kind>
         <file>rtsv7M4_T_le_v4SPD16_eabi.lib</file>
         <name>s_frexp.c.obj</name>
      </input_file>
      <input_file id="fl-f4">
         <path>/home/prithvi/Applications/ccs/tools/compiler/ti-cgt-arm_20.2.7.LTS/lib/</path>
         <kind>archive</kind>
         <file>rtsv7M4_T_le_v4SPD16_eabi.lib</file>
         <name>fflush.c.obj</name>
      </input_file>
      <input_file id="fl-f5">
         <path>/home/prithvi/Applications/ccs/tools/compiler/ti-cgt-arm_20.2.7.LTS/lib/</path>
         <kind>archive</kind>
         <file>rtsv7M4_T_le_v4SPD16_eabi.lib</file>
         <name>fopen.c.obj</name>
      </input_file>
      <input_file id="fl-f6">
         <path>/home/prithvi/Applications/ccs/tools/compiler/ti-cgt-arm_20.2.7.LTS/lib/</path>
         <kind>archive</kind>
         <file>rtsv7M4_T_le_v4SPD16_eabi.lib</file>
         <name>fseek.c.obj</name>
      </input_file>
      <input_file id="fl-f7">
         <path>/home/prithvi/Applications/ccs/tools/compiler/ti-cgt-arm_20.2.7.LTS/lib/</path>
         <kind>archive</kind>
         <file>rtsv7M4_T_le_v4SPD16_eabi.lib</file>
         <name>div0.asm.obj</name>
      </input_file>
      <input_file id="fl-f8">
         <path>/home/prithvi/Applications/ccs/tools/compiler/ti-cgt-arm_20.2.7.LTS/lib/</path>
         <kind>archive</kind>
         <file>rtsv7M4_T_le_v4SPD16_eabi.lib</file>
         <name>autoinit.c.obj</name>
      </input_file>
      <input_file id="fl-f9">
         <path>/home/prithvi/Applications/ccs/tools/compiler/ti-cgt-arm_20.2.7.LTS/lib/</path>
         <kind>archive</kind>
         <file>rtsv7M4_T_le_v4SPD16_eabi.lib</file>
         <name>pre_init.c.obj</name>
      </input_file>
      <input_file id="fl-fa">
         <path>/home/prithvi/Applications/ccs/tools/compiler/ti-cgt-arm_20.2.7.LTS/lib/</path>
         <kind>archive</kind>
         <file>rtsv7M4_T_le_v4SPD16_eabi.lib</file>
         <name>cpy_tbl.c.obj</name>
      </input_file>
      <input_file id="fl-fb">
         <path>/home/prithvi/Applications/ccs/tools/compiler/ti-cgt-arm_20.2.7.LTS/lib/</path>
         <kind>archive</kind>
         <file>rtsv7M4_T_le_v4SPD16_eabi.lib</file>
         <name>args_main.c.obj</name>
      </input_file>
      <input_file id="fl-fc">
         <path>/home/prithvi/Applications/ccs/tools/compiler/ti-cgt-arm_20.2.7.LTS/lib/</path>
         <kind>archive</kind>
         <file>rtsv7M4_T_le_v4SPD16_eabi.lib</file>
         <name>hostclose.c.obj</name>
      </input_file>
      <input_file id="fl-fd">
         <path>/home/prithvi/Applications/ccs/tools/compiler/ti-cgt-arm_20.2.7.LTS/lib/</path>
         <kind>archive</kind>
         <file>rtsv7M4_T_le_v4SPD16_eabi.lib</file>
         <name>hostlseek.c.obj</name>
      </input_file>
      <input_file id="fl-fe">
         <path>/home/prithvi/Applications/ccs/tools/compiler/ti-cgt-arm_20.2.7.LTS/lib/</path>
         <kind>archive</kind>
         <file>rtsv7M4_T_le_v4SPD16_eabi.lib</file>
         <name>hostopen.c.obj</name>
      </input_file>
      <input_file id="fl-ff">
         <path>/home/prithvi/Applications/ccs/tools/compiler/ti-cgt-arm_20.2.7.LTS/lib/</path>
         <kind>archive</kind>
         <file>rtsv7M4_T_le_v4SPD16_eabi.lib</file>
         <name>hostread.c.obj</name>
      </input_file>
      <input_file id="fl-100">
         <path>/home/prithvi/Applications/ccs/tools/compiler/ti-cgt-arm_20.2.7.LTS/lib/</path>
         <kind>archive</kind>
         <file>rtsv7M4_T_le_v4SPD16_eabi.lib</file>
         <name>hostrename.c.obj</name>
      </input_file>
      <input_file id="fl-101">
         <path>/home/prithvi/Applications/ccs/tools/compiler/ti-cgt-arm_20.2.7.LTS/lib/</path>
         <kind>archive</kind>
         <file>rtsv7M4_T_le_v4SPD16_eabi.lib</file>
         <name>hostunlink.c.obj</name>
      </input_file>
      <input_file id="fl-102">
         <path>/home/prithvi/Applications/ccs/tools/compiler/ti-cgt-arm_20.2.7.LTS/lib/</path>
         <kind>archive</kind>
         <file>rtsv7M4_T_le_v4SPD16_eabi.lib</file>
         <name>hostwrite.c.obj</name>
      </input_file>
      <input_file id="fl-103">
         <path>/home/prithvi/Applications/ccs/tools/compiler/ti-cgt-arm_20.2.7.LTS/lib/</path>
         <kind>archive</kind>
         <file>rtsv7M4_T_le_v4SPD16_eabi.lib</file>
         <name>trgmsg.c.obj</name>
      </input_file>
      <input_file id="fl-104">
         <path>/home/prithvi/Applications/ccs/tools/compiler/ti-cgt-arm_20.2.7.LTS/lib/</path>
         <kind>archive</kind>
         <file>rtsv7M4_T_le_v4SPD16_eabi.lib</file>
         <name>open.c.obj</name>
      </input_file>
      <input_file id="fl-105">
         <path>/home/prithvi/Applications/ccs/tools/compiler/ti-cgt-arm_20.2.7.LTS/lib/</path>
         <kind>archive</kind>
         <file>rtsv7M4_T_le_v4SPD16_eabi.lib</file>
         <name>lseek.c.obj</name>
      </input_file>
      <input_file id="fl-106">
         <path>/home/prithvi/Applications/ccs/tools/compiler/ti-cgt-arm_20.2.7.LTS/lib/</path>
         <kind>archive</kind>
         <file>rtsv7M4_T_le_v4SPD16_eabi.lib</file>
         <name>fclose.c.obj</name>
      </input_file>
      <input_file id="fl-107">
         <path>/home/prithvi/Applications/ccs/tools/compiler/ti-cgt-arm_20.2.7.LTS/lib/</path>
         <kind>archive</kind>
         <file>rtsv7M4_T_le_v4SPD16_eabi.lib</file>
         <name>getdevice.c.obj</name>
      </input_file>
      <input_file id="fl-108">
         <path>/home/prithvi/Applications/ccs/tools/compiler/ti-cgt-arm_20.2.7.LTS/lib/</path>
         <kind>archive</kind>
         <file>rtsv7M4_T_le_v4SPD16_eabi.lib</file>
         <name>strcpy.c.obj</name>
      </input_file>
      <input_file id="fl-109">
         <path>/home/prithvi/Applications/ccs/tools/compiler/ti-cgt-arm_20.2.7.LTS/lib/</path>
         <kind>archive</kind>
         <file>rtsv7M4_T_le_v4SPD16_eabi.lib</file>
         <name>strncpy.c.obj</name>
      </input_file>
      <input_file id="fl-10a">
         <path>/home/prithvi/Applications/ccs/tools/compiler/ti-cgt-arm_20.2.7.LTS/lib/</path>
         <kind>archive</kind>
         <file>rtsv7M4_T_le_v4SPD16_eabi.lib</file>
         <name>remove.c.obj</name>
      </input_file>
      <input_file id="fl-10b">
         <path>/home/prithvi/Applications/ccs/tools/compiler/ti-cgt-arm_20.2.7.LTS/lib/</path>
         <kind>archive</kind>
         <file>rtsv7M4_T_le_v4SPD16_eabi.lib</file>
         <name>close.c.obj</name>
      </input_file>
      <input_file id="fl-10c">
         <path>/home/prithvi/Applications/ccs/tools/compiler/ti-cgt-arm_20.2.7.LTS/lib/</path>
         <kind>archive</kind>
         <file>rtsv7M4_T_le_v4SPD16_eabi.lib</file>
         <name>unlink.c.obj</name>
      </input_file>
   </input_file_list>
   <object_component_list>
      <object_component id="oc-12">
         <name>.intvecs</name>
         <load_address>0x0</load_address>
         <run_address>0x0</run_address>
         <size>0x26c</size>
         <input_file_ref idref="fl-b"/>
      </object_component>
      <object_component id="oc-a5">
         <name>.text</name>
         <load_address>0x26c</load_address>
         <run_address>0x26c</run_address>
         <size>0xc40</size>
         <input_file_ref idref="fl-2"/>
      </object_component>
      <object_component id="oc-19b">
         <name>.text:__TI_printfi</name>
         <load_address>0xeac</load_address>
         <run_address>0xeac</run_address>
         <size>0xa4e</size>
         <input_file_ref idref="fl-cb"/>
      </object_component>
      <object_component id="oc-297">
         <name>.text:_nop</name>
         <load_address>0x18fa</load_address>
         <run_address>0x18fa</run_address>
         <size>0x2</size>
         <input_file_ref idref="fl-e2"/>
      </object_component>
      <object_component id="oc-139">
         <name>.text:pow</name>
         <load_address>0x18fc</load_address>
         <run_address>0x18fc</run_address>
         <size>0x9d0</size>
         <input_file_ref idref="fl-c7"/>
      </object_component>
      <object_component id="oc-81">
         <name>.text</name>
         <load_address>0x22cc</load_address>
         <run_address>0x22cc</run_address>
         <size>0x7e4</size>
         <input_file_ref idref="fl-4"/>
      </object_component>
      <object_component id="oc-30">
         <name>.text</name>
         <load_address>0x2ab0</load_address>
         <run_address>0x2ab0</run_address>
         <size>0x714</size>
         <input_file_ref idref="fl-7"/>
      </object_component>
      <object_component id="oc-116">
         <name>.text</name>
         <load_address>0x31c4</load_address>
         <run_address>0x31c4</run_address>
         <size>0x3c4</size>
         <input_file_ref idref="fl-5"/>
      </object_component>
      <object_component id="oc-93">
         <name>.text</name>
         <load_address>0x3588</load_address>
         <run_address>0x3588</run_address>
         <size>0x3a8</size>
         <input_file_ref idref="fl-a"/>
      </object_component>
      <object_component id="oc-bc">
         <name>.text</name>
         <load_address>0x3930</load_address>
         <run_address>0x3930</run_address>
         <size>0x2be</size>
         <input_file_ref idref="fl-9"/>
      </object_component>
      <object_component id="oc-39d">
         <name>.text</name>
         <load_address>0x3bee</load_address>
         <run_address>0x3bee</run_address>
         <size>0x2</size>
         <input_file_ref idref="fl-f7"/>
      </object_component>
      <object_component id="oc-279">
         <name>.text:_pconv_a</name>
         <load_address>0x3bf0</load_address>
         <run_address>0x3bf0</run_address>
         <size>0x270</size>
         <input_file_ref idref="fl-cb"/>
      </object_component>
      <object_component id="oc-267">
         <name>.text:_pconv_g</name>
         <load_address>0x3e60</load_address>
         <run_address>0x3e60</run_address>
         <size>0x1d0</size>
         <input_file_ref idref="fl-cb"/>
      </object_component>
      <object_component id="oc-14e">
         <name>.text</name>
         <load_address>0x4030</load_address>
         <run_address>0x4030</run_address>
         <size>0x1b6</size>
         <input_file_ref idref="fl-d1"/>
      </object_component>
      <object_component id="oc-99">
         <name>.text</name>
         <load_address>0x41e8</load_address>
         <run_address>0x41e8</run_address>
         <size>0x17c</size>
         <input_file_ref idref="fl-c"/>
      </object_component>
      <object_component id="oc-217">
         <name>.text:sqrt</name>
         <load_address>0x4364</load_address>
         <run_address>0x4364</run_address>
         <size>0x158</size>
         <input_file_ref idref="fl-c8"/>
      </object_component>
      <object_component id="oc-273">
         <name>.text:_pconv_e</name>
         <load_address>0x44bc</load_address>
         <run_address>0x44bc</run_address>
         <size>0x13c</size>
         <input_file_ref idref="fl-cb"/>
      </object_component>
      <object_component id="oc-153">
         <name>.text</name>
         <load_address>0x45f8</load_address>
         <run_address>0x45f8</run_address>
         <size>0x136</size>
         <input_file_ref idref="fl-d3"/>
      </object_component>
      <object_component id="oc-87">
         <name>.text</name>
         <load_address>0x472e</load_address>
         <run_address>0x472e</run_address>
         <size>0x12e</size>
         <input_file_ref idref="fl-6"/>
      </object_component>
      <object_component id="oc-320">
         <name>.text:fcvt</name>
         <load_address>0x485c</load_address>
         <run_address>0x485c</run_address>
         <size>0x124</size>
         <input_file_ref idref="fl-cb"/>
      </object_component>
      <object_component id="oc-2a1">
         <name>.text:fputs</name>
         <load_address>0x4980</load_address>
         <run_address>0x4980</run_address>
         <size>0x114</size>
         <input_file_ref idref="fl-ce"/>
      </object_component>
      <object_component id="oc-22b">
         <name>.text:scalbn</name>
         <load_address>0x4a94</load_address>
         <run_address>0x4a94</run_address>
         <size>0x110</size>
         <input_file_ref idref="fl-c9"/>
      </object_component>
      <object_component id="oc-434">
         <name>.text:aligned_alloc</name>
         <load_address>0x4ba4</load_address>
         <run_address>0x4ba4</run_address>
         <size>0x100</size>
         <input_file_ref idref="fl-e9"/>
      </object_component>
      <object_component id="oc-13f">
         <name>.text</name>
         <load_address>0x4ca4</load_address>
         <run_address>0x4ca4</run_address>
         <size>0xfc</size>
         <input_file_ref idref="fl-d4"/>
      </object_component>
      <object_component id="oc-3f2">
         <name>.text:free</name>
         <load_address>0x4da0</load_address>
         <run_address>0x4da0</run_address>
         <size>0xe4</size>
         <input_file_ref idref="fl-e9"/>
      </object_component>
      <object_component id="oc-3c2">
         <name>.text:setvbuf</name>
         <load_address>0x4e84</load_address>
         <run_address>0x4e84</run_address>
         <size>0xdc</size>
         <input_file_ref idref="fl-d0"/>
      </object_component>
      <object_component id="oc-9f">
         <name>.text</name>
         <load_address>0x4f60</load_address>
         <run_address>0x4f60</run_address>
         <size>0xd4</size>
         <input_file_ref idref="fl-8"/>
      </object_component>
      <object_component id="oc-261">
         <name>.text:_ltostr</name>
         <load_address>0x5034</load_address>
         <run_address>0x5034</run_address>
         <size>0xb1</size>
         <input_file_ref idref="fl-cb"/>
      </object_component>
      <object_component id="oc-44">
         <name>.text</name>
         <load_address>0x50e6</load_address>
         <run_address>0x50e6</run_address>
         <size>0x9c</size>
         <input_file_ref idref="fl-da"/>
      </object_component>
      <object_component id="oc-302">
         <name>.text</name>
         <load_address>0x5182</load_address>
         <run_address>0x5182</run_address>
         <size>0x96</size>
         <input_file_ref idref="fl-dd"/>
      </object_component>
      <object_component id="oc-2a8">
         <name>.text:fputc</name>
         <load_address>0x5218</load_address>
         <run_address>0x5218</run_address>
         <size>0x8c</size>
         <input_file_ref idref="fl-cd"/>
      </object_component>
      <object_component id="oc-16b">
         <name>.text:__aeabi_cdcmple</name>
         <load_address>0x52a4</load_address>
         <run_address>0x52a4</run_address>
         <size>0x86</size>
         <input_file_ref idref="fl-d2"/>
      </object_component>
      <object_component id="oc-226">
         <name>.text:__aeabi_cdrcmple</name>
         <load_address>0x532a</load_address>
         <run_address>0x532a</run_address>
         <size>0x86</size>
         <input_file_ref idref="fl-d2"/>
      </object_component>
      <object_component id="oc-8d">
         <name>.text</name>
         <load_address>0x53b0</load_address>
         <run_address>0x53b0</run_address>
         <size>0x84</size>
         <input_file_ref idref="fl-3"/>
      </object_component>
      <object_component id="oc-ab">
         <name>.text</name>
         <load_address>0x5434</load_address>
         <run_address>0x5434</run_address>
         <size>0x7a</size>
         <input_file_ref idref="fl-dc"/>
      </object_component>
      <object_component id="oc-43b">
         <name>.text:__TI_closefile</name>
         <load_address>0x54b0</load_address>
         <run_address>0x54b0</run_address>
         <size>0x74</size>
         <input_file_ref idref="fl-106"/>
      </object_component>
      <object_component id="oc-47f">
         <name>.text:split</name>
         <load_address>0x5524</load_address>
         <run_address>0x5524</run_address>
         <size>0x70</size>
         <input_file_ref idref="fl-e9"/>
      </object_component>
      <object_component id="oc-319">
         <name>.text:_mcpy</name>
         <load_address>0x5594</load_address>
         <run_address>0x5594</run_address>
         <size>0x6e</size>
         <input_file_ref idref="fl-cb"/>
      </object_component>
      <object_component id="oc-144">
         <name>.text</name>
         <load_address>0x5602</load_address>
         <run_address>0x5602</run_address>
         <size>0x6e</size>
         <input_file_ref idref="fl-d6"/>
      </object_component>
      <object_component id="oc-46e">
         <name>.text:HOSTrename</name>
         <load_address>0x5670</load_address>
         <run_address>0x5670</run_address>
         <size>0x6c</size>
         <input_file_ref idref="fl-100"/>
      </object_component>
      <object_component id="oc-462">
         <name>.text:HOSTlseek</name>
         <load_address>0x56dc</load_address>
         <run_address>0x56dc</run_address>
         <size>0x68</size>
         <input_file_ref idref="fl-fd"/>
      </object_component>
      <object_component id="oc-15">
         <name>.text:decompress:lzss:__TI_decompress_lzss</name>
         <load_address>0x5744</load_address>
         <run_address>0x5744</run_address>
         <size>0x68</size>
         <input_file_ref idref="fl-e0"/>
      </object_component>
      <object_component id="oc-c2">
         <name>.text:fprintf</name>
         <load_address>0x57ac</load_address>
         <run_address>0x57ac</run_address>
         <size>0x64</size>
         <input_file_ref idref="fl-ca"/>
      </object_component>
      <object_component id="oc-32e">
         <name>.text:frexp</name>
         <load_address>0x5810</load_address>
         <run_address>0x5810</run_address>
         <size>0x64</size>
         <input_file_ref idref="fl-f3"/>
      </object_component>
      <object_component id="oc-3bc">
         <name>.text:fseek</name>
         <load_address>0x5874</load_address>
         <run_address>0x5874</run_address>
         <size>0x64</size>
         <input_file_ref idref="fl-f6"/>
      </object_component>
      <object_component id="oc-358">
         <name>.text:__TI_wrt_ok</name>
         <load_address>0x58d8</load_address>
         <run_address>0x58d8</run_address>
         <size>0x62</size>
         <input_file_ref idref="fl-cf"/>
      </object_component>
      <object_component id="oc-44a">
         <name>.text:HOSTopen</name>
         <load_address>0x593c</load_address>
         <run_address>0x593c</run_address>
         <size>0x60</size>
         <input_file_ref idref="fl-fe"/>
      </object_component>
      <object_component id="oc-486">
         <name>.text:close</name>
         <load_address>0x599c</load_address>
         <run_address>0x599c</run_address>
         <size>0x5c</size>
         <input_file_ref idref="fl-10b"/>
      </object_component>
      <object_component id="oc-456">
         <name>.text:HOSTread</name>
         <load_address>0x59f8</load_address>
         <run_address>0x59f8</run_address>
         <size>0x58</size>
         <input_file_ref idref="fl-ff"/>
      </object_component>
      <object_component id="oc-45c">
         <name>.text:HOSTwrite</name>
         <load_address>0x5a50</load_address>
         <run_address>0x5a50</run_address>
         <size>0x58</size>
         <input_file_ref idref="fl-102"/>
      </object_component>
      <object_component id="oc-26d">
         <name>.text:_pconv_f</name>
         <load_address>0x5aa8</load_address>
         <run_address>0x5aa8</run_address>
         <size>0x56</size>
         <input_file_ref idref="fl-cb"/>
      </object_component>
      <object_component id="oc-30d">
         <name>.text:__TI_ltoa</name>
         <load_address>0x5afe</load_address>
         <run_address>0x5afe</run_address>
         <size>0x54</size>
         <input_file_ref idref="fl-e3"/>
      </object_component>
      <object_component id="oc-313">
         <name>.text:_ecpy</name>
         <load_address>0x5b52</load_address>
         <run_address>0x5b52</run_address>
         <size>0x52</size>
         <input_file_ref idref="fl-cb"/>
      </object_component>
      <object_component id="oc-364">
         <name>.text:__TI_doflush</name>
         <load_address>0x5ba4</load_address>
         <run_address>0x5ba4</run_address>
         <size>0x4c</size>
         <input_file_ref idref="fl-f4"/>
      </object_component>
      <object_component id="oc-18d">
         <name>.text:atoi</name>
         <load_address>0x5bf0</load_address>
         <run_address>0x5bf0</run_address>
         <size>0x4c</size>
         <input_file_ref idref="fl-e4"/>
      </object_component>
      <object_component id="oc-1d2">
         <name>.text:exit</name>
         <load_address>0x5c3c</load_address>
         <run_address>0x5c3c</run_address>
         <size>0x48</size>
         <input_file_ref idref="fl-e1"/>
      </object_component>
      <object_component id="oc-308">
         <name>.text</name>
         <load_address>0x5c84</load_address>
         <run_address>0x5c84</run_address>
         <size>0x48</size>
         <input_file_ref idref="fl-d5"/>
      </object_component>
      <object_component id="oc-450">
         <name>.text:HOSTclose</name>
         <load_address>0x5ccc</load_address>
         <run_address>0x5ccc</run_address>
         <size>0x44</size>
         <input_file_ref idref="fl-fc"/>
      </object_component>
      <object_component id="oc-468">
         <name>.text:HOSTunlink</name>
         <load_address>0x5d10</load_address>
         <run_address>0x5d10</run_address>
         <size>0x44</size>
         <input_file_ref idref="fl-101"/>
      </object_component>
      <object_component id="oc-1d8">
         <name>.text:__TI_auto_init_nobinit_nopinit:__TI_auto_init_nobinit_nopinit</name>
         <load_address>0x5d54</load_address>
         <run_address>0x5d54</run_address>
         <size>0x44</size>
         <input_file_ref idref="fl-f8"/>
      </object_component>
      <object_component id="oc-4c2">
         <name>.text:getdevice</name>
         <load_address>0x5d98</load_address>
         <run_address>0x5d98</run_address>
         <size>0x44</size>
         <input_file_ref idref="fl-107"/>
      </object_component>
      <object_component id="oc-158">
         <name>.text</name>
         <load_address>0x5ddc</load_address>
         <run_address>0x5ddc</run_address>
         <size>0x44</size>
         <input_file_ref idref="fl-d7"/>
      </object_component>
      <object_component id="oc-15d">
         <name>.text:sprintf</name>
         <load_address>0x5e20</load_address>
         <run_address>0x5e20</run_address>
         <size>0x40</size>
         <input_file_ref idref="fl-cc"/>
      </object_component>
      <object_component id="oc-326">
         <name>.text:_fcpy</name>
         <load_address>0x5e60</load_address>
         <run_address>0x5e60</run_address>
         <size>0x3e</size>
         <input_file_ref idref="fl-cb"/>
      </object_component>
      <object_component id="oc-49b">
         <name>.text:__TI_writemsg</name>
         <load_address>0x5ea0</load_address>
         <run_address>0x5ea0</run_address>
         <size>0x38</size>
         <input_file_ref idref="fl-103"/>
      </object_component>
      <object_component id="oc-12f">
         <name>.text</name>
         <load_address>0x5ed8</load_address>
         <run_address>0x5ed8</run_address>
         <size>0x38</size>
         <input_file_ref idref="fl-d8"/>
      </object_component>
      <object_component id="oc-4e6">
         <name>.text:strncpy</name>
         <load_address>0x5f10</load_address>
         <run_address>0x5f10</run_address>
         <size>0x36</size>
         <input_file_ref idref="fl-109"/>
      </object_component>
      <object_component id="oc-3fe">
         <name>.text:__TI_cleanup</name>
         <load_address>0x5f48</load_address>
         <run_address>0x5f48</run_address>
         <size>0x34</size>
         <input_file_ref idref="fl-f5"/>
      </object_component>
      <object_component id="oc-4a1">
         <name>.text:__TI_readmsg</name>
         <load_address>0x5f7c</load_address>
         <run_address>0x5f7c</run_address>
         <size>0x34</size>
         <input_file_ref idref="fl-103"/>
      </object_component>
      <object_component id="oc-62">
         <name>.text:_c_int00_noargs:_c_int00_noargs</name>
         <load_address>0x5fb0</load_address>
         <run_address>0x5fb0</run_address>
         <size>0x34</size>
         <input_file_ref idref="fl-ed"/>
      </object_component>
      <object_component id="oc-4ec">
         <name>.text:finddevice</name>
         <load_address>0x5fe4</load_address>
         <run_address>0x5fe4</run_address>
         <size>0x30</size>
         <input_file_ref idref="fl-107"/>
      </object_component>
      <object_component id="oc-134">
         <name>.text</name>
         <load_address>0x6014</load_address>
         <run_address>0x6014</run_address>
         <size>0x2e</size>
         <input_file_ref idref="fl-d9"/>
      </object_component>
      <object_component id="oc-48c">
         <name>.text:unlink</name>
         <load_address>0x6044</load_address>
         <run_address>0x6044</run_address>
         <size>0x2c</size>
         <input_file_ref idref="fl-10c"/>
      </object_component>
      <object_component id="oc-42d">
         <name>.text:free_list_insert</name>
         <load_address>0x6070</load_address>
         <run_address>0x6070</run_address>
         <size>0x28</size>
         <input_file_ref idref="fl-e9"/>
      </object_component>
      <object_component id="oc-3ea">
         <name>.text:lseek</name>
         <load_address>0x6098</load_address>
         <run_address>0x6098</run_address>
         <size>0x28</size>
         <input_file_ref idref="fl-105"/>
      </object_component>
      <object_component id="oc-36a">
         <name>.text:write</name>
         <load_address>0x60c0</load_address>
         <run_address>0x60c0</run_address>
         <size>0x28</size>
         <input_file_ref idref="fl-ee"/>
      </object_component>
      <object_component id="oc-11c">
         <name>.text</name>
         <load_address>0x60e8</load_address>
         <run_address>0x60e8</run_address>
         <size>0x24</size>
         <input_file_ref idref="fl-d"/>
      </object_component>
      <object_component id="oc-35e">
         <name>.text:memchr</name>
         <load_address>0x610c</load_address>
         <run_address>0x610c</run_address>
         <size>0x20</size>
         <input_file_ref idref="fl-e8"/>
      </object_component>
      <object_component id="oc-149">
         <name>.text</name>
         <load_address>0x612c</load_address>
         <run_address>0x612c</run_address>
         <size>0x20</size>
         <input_file_ref idref="fl-db"/>
      </object_component>
      <object_component id="oc-50">
         <name>.text:decompress:ZI:__TI_zero_init_nomemset:__TI_zero_init_nomemset</name>
         <load_address>0x614c</load_address>
         <run_address>0x614c</run_address>
         <size>0x1c</size>
         <input_file_ref idref="fl-de"/>
      </object_component>
      <object_component id="oc-427">
         <name>.text:free_list_remove</name>
         <load_address>0x6168</load_address>
         <run_address>0x6168</run_address>
         <size>0x1c</size>
         <input_file_ref idref="fl-e9"/>
      </object_component>
      <object_component id="oc-27f">
         <name>.text:memccpy</name>
         <load_address>0x6184</load_address>
         <run_address>0x6184</run_address>
         <size>0x1c</size>
         <input_file_ref idref="fl-e7"/>
      </object_component>
      <object_component id="oc-2e1">
         <name>.text:copysign</name>
         <load_address>0x61a0</load_address>
         <run_address>0x61a0</run_address>
         <size>0x1a</size>
         <input_file_ref idref="fl-f2"/>
      </object_component>
      <object_component id="oc-23f">
         <name>.text:_outs</name>
         <load_address>0x61ba</load_address>
         <run_address>0x61ba</run_address>
         <size>0x18</size>
         <input_file_ref idref="fl-cc"/>
      </object_component>
      <object_component id="oc-193">
         <name>.text:strcmp</name>
         <load_address>0x61d2</load_address>
         <run_address>0x61d2</run_address>
         <size>0x18</size>
         <input_file_ref idref="fl-eb"/>
      </object_component>
      <object_component id="oc-334">
         <name>.text:strchr</name>
         <load_address>0x61ea</load_address>
         <run_address>0x61ea</run_address>
         <size>0x16</size>
         <input_file_ref idref="fl-ea"/>
      </object_component>
      <object_component id="oc-4b5">
         <name>.text:strcpy</name>
         <load_address>0x6200</load_address>
         <run_address>0x6200</run_address>
         <size>0x14</size>
         <input_file_ref idref="fl-108"/>
      </object_component>
      <object_component id="oc-25b">
         <name>.text:strlen</name>
         <load_address>0x6214</load_address>
         <run_address>0x6214</run_address>
         <size>0x14</size>
         <input_file_ref idref="fl-ec"/>
      </object_component>
      <object_component id="oc-285">
         <name>.text:wcslen</name>
         <load_address>0x6228</load_address>
         <run_address>0x6228</run_address>
         <size>0x12</size>
         <input_file_ref idref="fl-f1"/>
      </object_component>
      <object_component id="oc-7b">
         <name>.text</name>
         <load_address>0x623c</load_address>
         <run_address>0x623c</run_address>
         <size>0x10</size>
         <input_file_ref idref="fl-1"/>
      </object_component>
      <object_component id="oc-1b">
         <name>.text:decompress:none:__TI_decompress_none</name>
         <load_address>0x624c</load_address>
         <run_address>0x624c</run_address>
         <size>0xe</size>
         <input_file_ref idref="fl-df"/>
      </object_component>
      <object_component id="oc-2a">
         <name>.text</name>
         <load_address>0x625a</load_address>
         <run_address>0x625a</run_address>
         <size>0xc</size>
         <input_file_ref idref="fl-b"/>
      </object_component>
      <object_component id="oc-245">
         <name>.text:_outc</name>
         <load_address>0x6266</load_address>
         <run_address>0x6266</run_address>
         <size>0xa</size>
         <input_file_ref idref="fl-cc"/>
      </object_component>
      <object_component id="oc-21d">
         <name>.text:__aeabi_errno_addr</name>
         <load_address>0x6270</load_address>
         <run_address>0x6270</run_address>
         <size>0x8</size>
         <input_file_ref idref="fl-f0"/>
      </object_component>
      <object_component id="oc-3f8">
         <name>.text:malloc</name>
         <load_address>0x6278</load_address>
         <run_address>0x6278</run_address>
         <size>0x8</size>
         <input_file_ref idref="fl-e9"/>
      </object_component>
      <object_component id="oc-1aa">
         <name>.text:_outc</name>
         <load_address>0x6280</load_address>
         <run_address>0x6280</run_address>
         <size>0x4</size>
         <input_file_ref idref="fl-ca"/>
      </object_component>
      <object_component id="oc-1a4">
         <name>.text:_outs</name>
         <load_address>0x6284</load_address>
         <run_address>0x6284</run_address>
         <size>0x4</size>
         <input_file_ref idref="fl-ca"/>
      </object_component>
      <object_component id="oc-eb">
         <name>.text:_system_pre_init</name>
         <load_address>0x6288</load_address>
         <run_address>0x6288</run_address>
         <size>0x4</size>
         <input_file_ref idref="fl-f9"/>
      </object_component>
      <object_component id="oc-1cc">
         <name>.text:abort:abort</name>
         <load_address>0x628c</load_address>
         <run_address>0x628c</run_address>
         <size>0x4</size>
         <input_file_ref idref="fl-e1"/>
      </object_component>
      <object_component id="oc-252">
         <name>.const:.string:_ctypes_</name>
         <load_address>0x6290</load_address>
         <run_address>0x6290</run_address>
         <size>0x101</size>
         <input_file_ref idref="fl-e5"/>
      </object_component>
      <object_component id="oc-223">
         <name>.const:$O1$$</name>
         <load_address>0x6398</load_address>
         <run_address>0x6398</run_address>
         <size>0x30</size>
         <input_file_ref idref="fl-c7"/>
      </object_component>
      <object_component id="oc-533">
         <name>.cinit..data.load</name>
         <load_address>0x63c8</load_address>
         <run_address>0x63c8</run_address>
         <size>0x6c</size>
      </object_component>
      <object_component id="oc-531">
         <name>__TI_handler_table</name>
         <load_address>0x6434</load_address>
         <run_address>0x6434</run_address>
         <size>0xc</size>
      </object_component>
      <object_component id="oc-534">
         <name>.cinit..bss.load</name>
         <load_address>0x6440</load_address>
         <run_address>0x6440</run_address>
         <size>0x8</size>
      </object_component>
      <object_component id="oc-532">
         <name>__TI_cinit_table</name>
         <load_address>0x6448</load_address>
         <run_address>0x6448</run_address>
         <size>0x10</size>
      </object_component>
      <object_component id="oc-170">
         <name>.data</name>
         <load_address>0x200014d8</load_address>
         <run_address>0x200014d8</run_address>
         <size>0x1</size>
         <input_file_ref idref="fl-2"/>
      </object_component>
      <object_component id="oc-b3">
         <name>.data</name>
         <load_address>0x20001498</load_address>
         <run_address>0x20001498</run_address>
         <size>0x10</size>
         <input_file_ref idref="fl-7"/>
      </object_component>
      <object_component id="oc-2b9">
         <name>.data:$O1$$</name>
         <load_address>0x200014b8</load_address>
         <run_address>0x200014b8</run_address>
         <size>0xc</size>
         <input_file_ref idref="fl-e1"/>
      </object_component>
      <object_component id="oc-1a1">
         <name>.data:$O1$$</name>
         <load_address>0x200014c4</load_address>
         <run_address>0x200014c4</run_address>
         <size>0x8</size>
         <input_file_ref idref="fl-e2"/>
      </object_component>
      <object_component id="oc-441">
         <name>.data:_ftable</name>
         <load_address>0x200012e0</load_address>
         <run_address>0x200012e0</run_address>
         <size>0xf0</size>
         <input_file_ref idref="fl-e6"/>
      </object_component>
      <object_component id="oc-444">
         <name>.data</name>
         <load_address>0x200014a8</load_address>
         <run_address>0x200014a8</run_address>
         <size>0x10</size>
         <input_file_ref idref="fl-e6"/>
      </object_component>
      <object_component id="oc-47a">
         <name>.data:$O1$$</name>
         <load_address>0x200014cc</load_address>
         <run_address>0x200014cc</run_address>
         <size>0x8</size>
         <input_file_ref idref="fl-e9"/>
      </object_component>
      <object_component id="oc-411">
         <name>.data:_device</name>
         <load_address>0x200013d0</load_address>
         <run_address>0x200013d0</run_address>
         <size>0x78</size>
         <input_file_ref idref="fl-ef"/>
      </object_component>
      <object_component id="oc-3ce">
         <name>.data:_stream</name>
         <load_address>0x20001448</load_address>
         <run_address>0x20001448</run_address>
         <size>0x50</size>
         <input_file_ref idref="fl-ef"/>
      </object_component>
      <object_component id="oc-2d9">
         <name>.data</name>
         <load_address>0x200014d4</load_address>
         <run_address>0x200014d4</run_address>
         <size>0x4</size>
         <input_file_ref idref="fl-f0"/>
      </object_component>
      <object_component id="oc-4ce">
         <name>.bss:_CIOBUF_</name>
         <uninitialized>true</uninitialized>
         <run_address>0x20001000</run_address>
         <size>0x120</size>
         <input_file_ref idref="fl-103"/>
      </object_component>
      <object_component id="oc-166">
         <name>.common:g_average_A</name>
         <uninitialized>true</uninitialized>
         <run_address>0x200012b0</run_address>
         <size>0x8</size>
      </object_component>
      <object_component id="oc-167">
         <name>.common:g_average_B</name>
         <uninitialized>true</uninitialized>
         <run_address>0x200012b8</run_address>
         <size>0x8</size>
      </object_component>
      <object_component id="oc-163">
         <name>.common:g_average_C</name>
         <uninitialized>true</uninitialized>
         <run_address>0x200012c0</run_address>
         <size>0x8</size>
      </object_component>
      <object_component id="oc-168">
         <name>.common:g_distance_A</name>
         <uninitialized>true</uninitialized>
         <run_address>0x200012d0</run_address>
         <size>0x4</size>
      </object_component>
      <object_component id="oc-169">
         <name>.common:g_distance_B</name>
         <uninitialized>true</uninitialized>
         <run_address>0x200012d4</run_address>
         <size>0x4</size>
      </object_component>
      <object_component id="oc-16a">
         <name>.common:g_distance_C</name>
         <uninitialized>true</uninitialized>
         <run_address>0x200012d8</run_address>
         <size>0x4</size>
      </object_component>
      <object_component id="oc-b0">
         <name>.common:g_timer_A_FIFO</name>
         <uninitialized>true</uninitialized>
         <run_address>0x200011c0</run_address>
         <size>0x50</size>
      </object_component>
      <object_component id="oc-b7">
         <name>.common:g_timer_B_FIFO</name>
         <uninitialized>true</uninitialized>
         <run_address>0x20001210</run_address>
         <size>0x50</size>
      </object_component>
      <object_component id="oc-b9">
         <name>.common:g_timer_C_FIFO</name>
         <uninitialized>true</uninitialized>
         <run_address>0x20001260</run_address>
         <size>0x50</size>
      </object_component>
      <object_component id="oc-bb">
         <name>.common:ir_in</name>
         <uninitialized>true</uninitialized>
         <run_address>0x200012dc</run_address>
         <size>0x1</size>
      </object_component>
      <object_component id="oc-b6">
         <name>.common:sA_in</name>
         <uninitialized>true</uninitialized>
         <run_address>0x200012dd</run_address>
         <size>0x1</size>
      </object_component>
      <object_component id="oc-b8">
         <name>.common:sB_in</name>
         <uninitialized>true</uninitialized>
         <run_address>0x200012de</run_address>
         <size>0x1</size>
      </object_component>
      <object_component id="oc-ba">
         <name>.common:sC_in</name>
         <uninitialized>true</uninitialized>
         <run_address>0x200012df</run_address>
         <size>0x1</size>
      </object_component>
      <object_component id="oc-492">
         <name>.common:__TI_tmpnams</name>
         <uninitialized>true</uninitialized>
         <run_address>0x20001120</run_address>
         <size>0xa0</size>
      </object_component>
      <object_component id="oc-4a7">
         <name>.common:parmbuf</name>
         <uninitialized>true</uninitialized>
         <run_address>0x200012c8</run_address>
         <size>0x8</size>
      </object_component>
      <object_component id="oc-24">
         <name>.sysmem</name>
         <uninitialized>true</uninitialized>
         <run_address>0x200014e0</run_address>
         <size>0x10</size>
         <input_file_ref idref="fl-e9"/>
      </object_component>
      <object_component id="oc-537">
         <name>.sysmem</name>
         <uninitialized>true</uninitialized>
         <run_address>0x200014e0</run_address>
         <size>0x0</size>
      </object_component>
      <object_component id="oc-27">
         <name>.stack</name>
         <uninitialized>true</uninitialized>
         <run_address>0x20000000</run_address>
         <size>0x4</size>
         <input_file_ref idref="fl-ed"/>
      </object_component>
      <object_component id="oc-536">
         <name>.stack</name>
         <uninitialized>true</uninitialized>
         <run_address>0x20000000</run_address>
         <size>0x0</size>
      </object_component>
      <object_component id="oc-1bc">
         <name>.debug_info</name>
         <load_address>0x0</load_address>
         <run_address>0x0</run_address>
         <size>0x260</size>
         <input_file_ref idref="fl-1"/>
      </object_component>
      <object_component id="oc-7c">
         <name>.debug_info</name>
         <load_address>0x260</load_address>
         <run_address>0x260</run_address>
         <size>0x11d</size>
         <input_file_ref idref="fl-1"/>
      </object_component>
      <object_component id="oc-d0">
         <name>.debug_info</name>
         <load_address>0x37d</load_address>
         <run_address>0x37d</run_address>
         <size>0x26b</size>
         <input_file_ref idref="fl-1"/>
      </object_component>
      <object_component id="oc-3f">
         <name>.debug_info</name>
         <load_address>0x5e8</load_address>
         <run_address>0x5e8</run_address>
         <size>0x84</size>
         <input_file_ref idref="fl-1"/>
      </object_component>
      <object_component id="oc-1b7">
         <name>.debug_info</name>
         <load_address>0x66c</load_address>
         <run_address>0x66c</run_address>
         <size>0x2a4</size>
         <input_file_ref idref="fl-1"/>
      </object_component>
      <object_component id="oc-c9">
         <name>.debug_info</name>
         <load_address>0x910</load_address>
         <run_address>0x910</run_address>
         <size>0xbb</size>
         <input_file_ref idref="fl-1"/>
      </object_component>
      <object_component id="oc-164">
         <name>.debug_info</name>
         <load_address>0x9cb</load_address>
         <run_address>0x9cb</run_address>
         <size>0x50f</size>
         <input_file_ref idref="fl-2"/>
      </object_component>
      <object_component id="oc-171">
         <name>.debug_info</name>
         <load_address>0xeda</load_address>
         <run_address>0xeda</run_address>
         <size>0xee</size>
         <input_file_ref idref="fl-2"/>
      </object_component>
      <object_component id="oc-a6">
         <name>.debug_info</name>
         <load_address>0xfc8</load_address>
         <run_address>0xfc8</run_address>
         <size>0x1597</size>
         <input_file_ref idref="fl-2"/>
      </object_component>
      <object_component id="oc-174">
         <name>.debug_info</name>
         <load_address>0x255f</load_address>
         <run_address>0x255f</run_address>
         <size>0x6c</size>
         <input_file_ref idref="fl-2"/>
      </object_component>
      <object_component id="oc-126">
         <name>.debug_info</name>
         <load_address>0x25cb</load_address>
         <run_address>0x25cb</run_address>
         <size>0x5a</size>
         <input_file_ref idref="fl-2"/>
      </object_component>
      <object_component id="oc-17c">
         <name>.debug_info</name>
         <load_address>0x2625</load_address>
         <run_address>0x2625</run_address>
         <size>0x86</size>
         <input_file_ref idref="fl-2"/>
      </object_component>
      <object_component id="oc-10b">
         <name>.debug_info</name>
         <load_address>0x26ab</load_address>
         <run_address>0x26ab</run_address>
         <size>0x88</size>
         <input_file_ref idref="fl-2"/>
      </object_component>
      <object_component id="oc-110">
         <name>.debug_info</name>
         <load_address>0x2733</load_address>
         <run_address>0x2733</run_address>
         <size>0x8b</size>
         <input_file_ref idref="fl-2"/>
      </object_component>
      <object_component id="oc-181">
         <name>.debug_info</name>
         <load_address>0x27be</load_address>
         <run_address>0x27be</run_address>
         <size>0xcc</size>
         <input_file_ref idref="fl-2"/>
      </object_component>
      <object_component id="oc-1b2">
         <name>.debug_info</name>
         <load_address>0x288a</load_address>
         <run_address>0x288a</run_address>
         <size>0x2c</size>
         <input_file_ref idref="fl-2"/>
      </object_component>
      <object_component id="oc-8e">
         <name>.debug_info</name>
         <load_address>0x28b6</load_address>
         <run_address>0x28b6</run_address>
         <size>0x205</size>
         <input_file_ref idref="fl-3"/>
      </object_component>
      <object_component id="oc-115">
         <name>.debug_info</name>
         <load_address>0x2abb</load_address>
         <run_address>0x2abb</run_address>
         <size>0x265</size>
         <input_file_ref idref="fl-4"/>
      </object_component>
      <object_component id="oc-82">
         <name>.debug_info</name>
         <load_address>0x2d20</load_address>
         <run_address>0x2d20</run_address>
         <size>0x104b</size>
         <input_file_ref idref="fl-4"/>
      </object_component>
      <object_component id="oc-20d">
         <name>.debug_info</name>
         <load_address>0x3d6b</load_address>
         <run_address>0x3d6b</run_address>
         <size>0x360</size>
         <input_file_ref idref="fl-5"/>
      </object_component>
      <object_component id="oc-117">
         <name>.debug_info</name>
         <load_address>0x40cb</load_address>
         <run_address>0x40cb</run_address>
         <size>0x651</size>
         <input_file_ref idref="fl-5"/>
      </object_component>
      <object_component id="oc-123">
         <name>.debug_info</name>
         <load_address>0x471c</load_address>
         <run_address>0x471c</run_address>
         <size>0x2ed</size>
         <input_file_ref idref="fl-6"/>
      </object_component>
      <object_component id="oc-88">
         <name>.debug_info</name>
         <load_address>0x4a09</load_address>
         <run_address>0x4a09</run_address>
         <size>0x428</size>
         <input_file_ref idref="fl-6"/>
      </object_component>
      <object_component id="oc-b1">
         <name>.debug_info</name>
         <load_address>0x4e31</load_address>
         <run_address>0x4e31</run_address>
         <size>0xad2</size>
         <input_file_ref idref="fl-7"/>
      </object_component>
      <object_component id="oc-b4">
         <name>.debug_info</name>
         <load_address>0x5903</load_address>
         <run_address>0x5903</run_address>
         <size>0x17f</size>
         <input_file_ref idref="fl-7"/>
      </object_component>
      <object_component id="oc-31">
         <name>.debug_info</name>
         <load_address>0x5a82</load_address>
         <run_address>0x5a82</run_address>
         <size>0xb30</size>
         <input_file_ref idref="fl-7"/>
      </object_component>
      <object_component id="oc-186">
         <name>.debug_info</name>
         <load_address>0x65b2</load_address>
         <run_address>0x65b2</run_address>
         <size>0x35</size>
         <input_file_ref idref="fl-7"/>
      </object_component>
      <object_component id="oc-12e">
         <name>.debug_info</name>
         <load_address>0x65e7</load_address>
         <run_address>0x65e7</run_address>
         <size>0x26a</size>
         <input_file_ref idref="fl-8"/>
      </object_component>
      <object_component id="oc-a0">
         <name>.debug_info</name>
         <load_address>0x6851</load_address>
         <run_address>0x6851</run_address>
         <size>0x306</size>
         <input_file_ref idref="fl-8"/>
      </object_component>
      <object_component id="oc-19a">
         <name>.debug_info</name>
         <load_address>0x6b57</load_address>
         <run_address>0x6b57</run_address>
         <size>0x2ed</size>
         <input_file_ref idref="fl-9"/>
      </object_component>
      <object_component id="oc-bd">
         <name>.debug_info</name>
         <load_address>0x6e44</load_address>
         <run_address>0x6e44</run_address>
         <size>0x6b4</size>
         <input_file_ref idref="fl-9"/>
      </object_component>
      <object_component id="oc-94">
         <name>.debug_info</name>
         <load_address>0x74f8</load_address>
         <run_address>0x74f8</run_address>
         <size>0x368</size>
         <input_file_ref idref="fl-a"/>
      </object_component>
      <object_component id="oc-38">
         <name>.debug_info</name>
         <load_address>0x7860</load_address>
         <run_address>0x7860</run_address>
         <size>0x3ab</size>
         <input_file_ref idref="fl-b"/>
      </object_component>
      <object_component id="oc-13">
         <name>.debug_info</name>
         <load_address>0x7c0b</load_address>
         <run_address>0x7c0b</run_address>
         <size>0xf0</size>
         <input_file_ref idref="fl-b"/>
      </object_component>
      <object_component id="oc-2b">
         <name>.debug_info</name>
         <load_address>0x7cfb</load_address>
         <run_address>0x7cfb</run_address>
         <size>0x26c</size>
         <input_file_ref idref="fl-b"/>
      </object_component>
      <object_component id="oc-12c">
         <name>.debug_info</name>
         <load_address>0x7f67</load_address>
         <run_address>0x7f67</run_address>
         <size>0x266</size>
         <input_file_ref idref="fl-c"/>
      </object_component>
      <object_component id="oc-9a">
         <name>.debug_info</name>
         <load_address>0x81cd</load_address>
         <run_address>0x81cd</run_address>
         <size>0x34e</size>
         <input_file_ref idref="fl-c"/>
      </object_component>
      <object_component id="oc-11d">
         <name>.debug_info</name>
         <load_address>0x851b</load_address>
         <run_address>0x851b</run_address>
         <size>0x127</size>
         <input_file_ref idref="fl-d"/>
      </object_component>
      <object_component id="oc-237">
         <name>.debug_info</name>
         <load_address>0x8642</load_address>
         <run_address>0x8642</run_address>
         <size>0x35e</size>
         <input_file_ref idref="fl-c7"/>
      </object_component>
      <object_component id="oc-224">
         <name>.debug_info</name>
         <load_address>0x89a0</load_address>
         <run_address>0x89a0</run_address>
         <size>0x128</size>
         <input_file_ref idref="fl-c7"/>
      </object_component>
      <object_component id="oc-13a">
         <name>.debug_info</name>
         <load_address>0x8ac8</load_address>
         <run_address>0x8ac8</run_address>
         <size>0xbf2</size>
         <input_file_ref idref="fl-c7"/>
      </object_component>
      <object_component id="oc-2ee">
         <name>.debug_info</name>
         <load_address>0x96ba</load_address>
         <run_address>0x96ba</run_address>
         <size>0x46</size>
         <input_file_ref idref="fl-c7"/>
      </object_component>
      <object_component id="oc-232">
         <name>.debug_info</name>
         <load_address>0x9700</load_address>
         <run_address>0x9700</run_address>
         <size>0x39</size>
         <input_file_ref idref="fl-c7"/>
      </object_component>
      <object_component id="oc-2d8">
         <name>.debug_info</name>
         <load_address>0x9739</load_address>
         <run_address>0x9739</run_address>
         <size>0x2c5</size>
         <input_file_ref idref="fl-c8"/>
      </object_component>
      <object_component id="oc-218">
         <name>.debug_info</name>
         <load_address>0x99fe</load_address>
         <run_address>0x99fe</run_address>
         <size>0x24e</size>
         <input_file_ref idref="fl-c8"/>
      </object_component>
      <object_component id="oc-2e8">
         <name>.debug_info</name>
         <load_address>0x9c4c</load_address>
         <run_address>0x9c4c</run_address>
         <size>0x2f8</size>
         <input_file_ref idref="fl-c9"/>
      </object_component>
      <object_component id="oc-22c">
         <name>.debug_info</name>
         <load_address>0x9f44</load_address>
         <run_address>0x9f44</run_address>
         <size>0x225</size>
         <input_file_ref idref="fl-c9"/>
      </object_component>
      <object_component id="oc-394">
         <name>.debug_info</name>
         <load_address>0xa169</load_address>
         <run_address>0xa169</run_address>
         <size>0x39</size>
         <input_file_ref idref="fl-c9"/>
      </object_component>
      <object_component id="oc-2e9">
         <name>.debug_info</name>
         <load_address>0xa1a2</load_address>
         <run_address>0xa1a2</run_address>
         <size>0x2c</size>
         <input_file_ref idref="fl-c9"/>
      </object_component>
      <object_component id="oc-1b1">
         <name>.debug_info</name>
         <load_address>0xa1ce</load_address>
         <run_address>0xa1ce</run_address>
         <size>0x3c8</size>
         <input_file_ref idref="fl-ca"/>
      </object_component>
      <object_component id="oc-1ad">
         <name>.debug_info</name>
         <load_address>0xa596</load_address>
         <run_address>0xa596</run_address>
         <size>0x15a</size>
         <input_file_ref idref="fl-ca"/>
      </object_component>
      <object_component id="oc-1a5">
         <name>.debug_info</name>
         <load_address>0xa6f0</load_address>
         <run_address>0xa6f0</run_address>
         <size>0x169</size>
         <input_file_ref idref="fl-ca"/>
      </object_component>
      <object_component id="oc-c3">
         <name>.debug_info</name>
         <load_address>0xa859</load_address>
         <run_address>0xa859</run_address>
         <size>0x1cf</size>
         <input_file_ref idref="fl-ca"/>
      </object_component>
      <object_component id="oc-2b1">
         <name>.debug_info</name>
         <load_address>0xaa28</load_address>
         <run_address>0xaa28</run_address>
         <size>0xb2</size>
         <input_file_ref idref="fl-ca"/>
      </object_component>
      <object_component id="oc-28c">
         <name>.debug_info</name>
         <load_address>0xaada</load_address>
         <run_address>0xaada</run_address>
         <size>0x590</size>
         <input_file_ref idref="fl-cb"/>
      </object_component>
      <object_component id="oc-263">
         <name>.debug_info</name>
         <load_address>0xb06a</load_address>
         <run_address>0xb06a</run_address>
         <size>0x21e</size>
         <input_file_ref idref="fl-cb"/>
      </object_component>
      <object_component id="oc-315">
         <name>.debug_info</name>
         <load_address>0xb288</load_address>
         <run_address>0xb288</run_address>
         <size>0x1b3</size>
         <input_file_ref idref="fl-cb"/>
      </object_component>
      <object_component id="oc-31b">
         <name>.debug_info</name>
         <load_address>0xb43b</load_address>
         <run_address>0xb43b</run_address>
         <size>0x21b</size>
         <input_file_ref idref="fl-cb"/>
      </object_component>
      <object_component id="oc-269">
         <name>.debug_info</name>
         <load_address>0xb656</load_address>
         <run_address>0xb656</run_address>
         <size>0x3c0</size>
         <input_file_ref idref="fl-cb"/>
      </object_component>
      <object_component id="oc-322">
         <name>.debug_info</name>
         <load_address>0xba16</load_address>
         <run_address>0xba16</run_address>
         <size>0x30a</size>
         <input_file_ref idref="fl-cb"/>
      </object_component>
      <object_component id="oc-327">
         <name>.debug_info</name>
         <load_address>0xbd20</load_address>
         <run_address>0xbd20</run_address>
         <size>0x215</size>
         <input_file_ref idref="fl-cb"/>
      </object_component>
      <object_component id="oc-26e">
         <name>.debug_info</name>
         <load_address>0xbf35</load_address>
         <run_address>0xbf35</run_address>
         <size>0x215</size>
         <input_file_ref idref="fl-cb"/>
      </object_component>
      <object_component id="oc-274">
         <name>.debug_info</name>
         <load_address>0xc14a</load_address>
         <run_address>0xc14a</run_address>
         <size>0x304</size>
         <input_file_ref idref="fl-cb"/>
      </object_component>
      <object_component id="oc-27a">
         <name>.debug_info</name>
         <load_address>0xc44e</load_address>
         <run_address>0xc44e</run_address>
         <size>0x4b5</size>
         <input_file_ref idref="fl-cb"/>
      </object_component>
      <object_component id="oc-19c">
         <name>.debug_info</name>
         <load_address>0xc903</load_address>
         <run_address>0xc903</run_address>
         <size>0x5f4</size>
         <input_file_ref idref="fl-cb"/>
      </object_component>
      <object_component id="oc-28d">
         <name>.debug_info</name>
         <load_address>0xcef7</load_address>
         <run_address>0xcef7</run_address>
         <size>0x86</size>
         <input_file_ref idref="fl-cb"/>
      </object_component>
      <object_component id="oc-34b">
         <name>.debug_info</name>
         <load_address>0xcf7d</load_address>
         <run_address>0xcf7d</run_address>
         <size>0x39</size>
         <input_file_ref idref="fl-cb"/>
      </object_component>
      <object_component id="oc-3b7">
         <name>.debug_info</name>
         <load_address>0xcfb6</load_address>
         <run_address>0xcfb6</run_address>
         <size>0xb6</size>
         <input_file_ref idref="fl-cb"/>
      </object_component>
      <object_component id="oc-350">
         <name>.debug_info</name>
         <load_address>0xd06c</load_address>
         <run_address>0xd06c</run_address>
         <size>0x46</size>
         <input_file_ref idref="fl-cb"/>
      </object_component>
      <object_component id="oc-292">
         <name>.debug_info</name>
         <load_address>0xd0b2</load_address>
         <run_address>0xd0b2</run_address>
         <size>0x46</size>
         <input_file_ref idref="fl-cb"/>
      </object_component>
      <object_component id="oc-346">
         <name>.debug_info</name>
         <load_address>0xd0f8</load_address>
         <run_address>0xd0f8</run_address>
         <size>0x2c</size>
         <input_file_ref idref="fl-cb"/>
      </object_component>
      <object_component id="oc-24c">
         <name>.debug_info</name>
         <load_address>0xd124</load_address>
         <run_address>0xd124</run_address>
         <size>0x333</size>
         <input_file_ref idref="fl-cc"/>
      </object_component>
      <object_component id="oc-161">
         <name>.debug_info</name>
         <load_address>0xd457</load_address>
         <run_address>0xd457</run_address>
         <size>0x1d1</size>
         <input_file_ref idref="fl-cc"/>
      </object_component>
      <object_component id="oc-242">
         <name>.debug_info</name>
         <load_address>0xd628</load_address>
         <run_address>0xd628</run_address>
         <size>0x18d</size>
         <input_file_ref idref="fl-cc"/>
      </object_component>
      <object_component id="oc-248">
         <name>.debug_info</name>
         <load_address>0xd7b5</load_address>
         <run_address>0xd7b5</run_address>
         <size>0x16d</size>
         <input_file_ref idref="fl-cc"/>
      </object_component>
      <object_component id="oc-373">
         <name>.debug_info</name>
         <load_address>0xd922</load_address>
         <run_address>0xd922</run_address>
         <size>0x383</size>
         <input_file_ref idref="fl-cd"/>
      </object_component>
      <object_component id="oc-2a9">
         <name>.debug_info</name>
         <load_address>0xdca5</load_address>
         <run_address>0xdca5</run_address>
         <size>0x1ea</size>
         <input_file_ref idref="fl-cd"/>
      </object_component>
      <object_component id="oc-371">
         <name>.debug_info</name>
         <load_address>0xde8f</load_address>
         <run_address>0xde8f</run_address>
         <size>0x3fc</size>
         <input_file_ref idref="fl-ce"/>
      </object_component>
      <object_component id="oc-2a2">
         <name>.debug_info</name>
         <load_address>0xe28b</load_address>
         <run_address>0xe28b</run_address>
         <size>0x2e2</size>
         <input_file_ref idref="fl-ce"/>
      </object_component>
      <object_component id="oc-1c4">
         <name>.debug_info</name>
         <load_address>0xe56d</load_address>
         <run_address>0xe56d</run_address>
         <size>0x2c</size>
         <input_file_ref idref="fl-ce"/>
      </object_component>
      <object_component id="oc-3c9">
         <name>.debug_info</name>
         <load_address>0xe599</load_address>
         <run_address>0xe599</run_address>
         <size>0x300</size>
         <input_file_ref idref="fl-cf"/>
      </object_component>
      <object_component id="oc-359">
         <name>.debug_info</name>
         <load_address>0xe899</load_address>
         <run_address>0xe899</run_address>
         <size>0x19c</size>
         <input_file_ref idref="fl-cf"/>
      </object_component>
      <object_component id="oc-406">
         <name>.debug_info</name>
         <load_address>0xea35</load_address>
         <run_address>0xea35</run_address>
         <size>0xbf</size>
         <input_file_ref idref="fl-cf"/>
      </object_component>
      <object_component id="oc-405">
         <name>.debug_info</name>
         <load_address>0xeaf4</load_address>
         <run_address>0xeaf4</run_address>
         <size>0x374</size>
         <input_file_ref idref="fl-d0"/>
      </object_component>
      <object_component id="oc-3c3">
         <name>.debug_info</name>
         <load_address>0xee68</load_address>
         <run_address>0xee68</run_address>
         <size>0x20b</size>
         <input_file_ref idref="fl-d0"/>
      </object_component>
      <object_component id="oc-14f">
         <name>.debug_info</name>
         <load_address>0xf073</load_address>
         <run_address>0xf073</run_address>
         <size>0x14c</size>
         <input_file_ref idref="fl-d1"/>
      </object_component>
      <object_component id="oc-16c">
         <name>.debug_info</name>
         <load_address>0xf1bf</load_address>
         <run_address>0xf1bf</run_address>
         <size>0x128</size>
         <input_file_ref idref="fl-d2"/>
      </object_component>
      <object_component id="oc-227">
         <name>.debug_info</name>
         <load_address>0xf2e7</load_address>
         <run_address>0xf2e7</run_address>
         <size>0x12a</size>
         <input_file_ref idref="fl-d2"/>
      </object_component>
      <object_component id="oc-154">
         <name>.debug_info</name>
         <load_address>0xf411</load_address>
         <run_address>0xf411</run_address>
         <size>0x13a</size>
         <input_file_ref idref="fl-d3"/>
      </object_component>
      <object_component id="oc-140">
         <name>.debug_info</name>
         <load_address>0xf54b</load_address>
         <run_address>0xf54b</run_address>
         <size>0x13a</size>
         <input_file_ref idref="fl-d4"/>
      </object_component>
      <object_component id="oc-309">
         <name>.debug_info</name>
         <load_address>0xf685</load_address>
         <run_address>0xf685</run_address>
         <size>0x12e</size>
         <input_file_ref idref="fl-d5"/>
      </object_component>
      <object_component id="oc-145">
         <name>.debug_info</name>
         <load_address>0xf7b3</load_address>
         <run_address>0xf7b3</run_address>
         <size>0x13e</size>
         <input_file_ref idref="fl-d6"/>
      </object_component>
      <object_component id="oc-159">
         <name>.debug_info</name>
         <load_address>0xf8f1</load_address>
         <run_address>0xf8f1</run_address>
         <size>0x139</size>
         <input_file_ref idref="fl-d7"/>
      </object_component>
      <object_component id="oc-130">
         <name>.debug_info</name>
         <load_address>0xfa2a</load_address>
         <run_address>0xfa2a</run_address>
         <size>0x12c</size>
         <input_file_ref idref="fl-d8"/>
      </object_component>
      <object_component id="oc-135">
         <name>.debug_info</name>
         <load_address>0xfb56</load_address>
         <run_address>0xfb56</run_address>
         <size>0x12c</size>
         <input_file_ref idref="fl-d9"/>
      </object_component>
      <object_component id="oc-45">
         <name>.debug_info</name>
         <load_address>0xfc82</load_address>
         <run_address>0xfc82</run_address>
         <size>0x119</size>
         <input_file_ref idref="fl-da"/>
      </object_component>
      <object_component id="oc-14a">
         <name>.debug_info</name>
         <load_address>0xfd9b</load_address>
         <run_address>0xfd9b</run_address>
         <size>0x12e</size>
         <input_file_ref idref="fl-db"/>
      </object_component>
      <object_component id="oc-ac">
         <name>.debug_info</name>
         <load_address>0xfec9</load_address>
         <run_address>0xfec9</run_address>
         <size>0x147</size>
         <input_file_ref idref="fl-dc"/>
      </object_component>
      <object_component id="oc-303">
         <name>.debug_info</name>
[...]
      </symbol>
      <symbol id="sm-2ce">
         <name>string_input_get</name>
         <value>0x3931</value>
         <object_component_ref idref="oc-bc"/>
      </symbol>
      <symbol id="sm-2cf">
         <name>itoa</name>
         <value>0x3bbd</value>
         <object_component_ref idref="oc-bc"/>
      </symbol>
      <symbol id="sm-304">
         <name>pwm_init</name>
         <value>0x3835</value>
         <object_component_ref idref="oc-93"/>
      </symbol>
      <symbol id="sm-305">
         <name>timer_start</name>
         <value>0x3761</value>
         <object_component_ref idref="oc-93"/>
      </symbol>
      <symbol id="sm-306">
         <name>timer_init</name>
         <value>0x3589</value>
         <object_component_ref idref="oc-93"/>
      </symbol>
      <symbol id="sm-307">
         <name>timer_stop</name>
         <value>0x379d</value>
         <object_component_ref idref="oc-93"/>
      </symbol>
      <symbol id="sm-323">
         <name>ResetISR</name>
         <value>0x625b</value>
         <object_component_ref idref="oc-2a"/>
      </symbol>
      <symbol id="sm-324">
         <name>g_pfnVectors</name>
         <value>0x0</value>
         <object_component_ref idref="oc-12"/>
      </symbol>
      <symbol id="sm-34f">
         <name>getcUart0</name>
         <value>0x42f1</value>
         <object_component_ref idref="oc-99"/>
      </symbol>
      <symbol id="sm-350">
         <name>kbhitUart0</name>
         <value>0x4305</value>
         <object_component_ref idref="oc-99"/>
      </symbol>
      <symbol id="sm-351">
         <name>setUart0BaudRate</name>
         <value>0x427d</value>
         <object_component_ref idref="oc-99"/>
      </symbol>
      <symbol id="sm-352">
         <name>putsUart0</name>
         <value>0x42c5</value>
         <object_component_ref idref="oc-99"/>
      </symbol>
      <symbol id="sm-353">
         <name>initUart0</name>
         <value>0x41e9</value>
         <object_component_ref idref="oc-99"/>
      </symbol>
      <symbol id="sm-354">
         <name>putcUart0</name>
         <value>0x42a9</value>
         <object_component_ref idref="oc-99"/>
      </symbol>
      <symbol id="sm-362">
         <name>waitMicrosecond</name>
         <value>0x60e9</value>
         <object_component_ref idref="oc-11c"/>
      </symbol>
      <symbol id="sm-3f8">
         <name>pow</name>
         <value>0x18fd</value>
         <object_component_ref idref="oc-139"/>
      </symbol>
      <symbol id="sm-3f9">
         <name>powl</name>
         <value>0x18fd</value>
         <object_component_ref idref="oc-139"/>
      </symbol>
      <symbol id="sm-41b">
         <name>sqrtl</name>
         <value>0x4365</value>
         <object_component_ref idref="oc-217"/>
      </symbol>
      <symbol id="sm-41c">
         <name>sqrt</name>
         <value>0x4365</value>
         <object_component_ref idref="oc-217"/>
      </symbol>
      <symbol id="sm-443">
         <name>scalbn</name>
         <value>0x4a95</value>
         <object_component_ref idref="oc-22b"/>
      </symbol>
      <symbol id="sm-444">
         <name>scalbnl</name>
         <value>0x4a95</value>
         <object_component_ref idref="oc-22b"/>
      </symbol>
      <symbol id="sm-445">
         <name>ldexpl</name>
         <value>0x4a95</value>
         <object_component_ref idref="oc-22b"/>
      </symbol>
      <symbol id="sm-446">
         <name>ldexp</name>
         <value>0x4a95</value>
         <object_component_ref idref="oc-22b"/>
      </symbol>
      <symbol id="sm-471">
         <name>fprintf</name>
         <value>0x57ad</value>
         <object_component_ref idref="oc-c2"/>
      </symbol>
      <symbol id="sm-5db">
         <name>__TI_printfi</name>
         <value>0xead</value>
         <object_component_ref idref="oc-19b"/>
      </symbol>
      <symbol id="sm-5fd">
         <name>sprintf</name>
         <value>0x5e21</value>
         <object_component_ref idref="oc-15d"/>
      </symbol>
      <symbol id="sm-612">
         <name>putc</name>
         <value>0x5219</value>
         <object_component_ref idref="oc-2a8"/>
      </symbol>
      <symbol id="sm-613">
         <name>fputc</name>
         <value>0x5219</value>
         <object_component_ref idref="oc-2a8"/>
      </symbol>
      <symbol id="sm-636">
         <name>fputs</name>
         <value>0x4981</value>
         <object_component_ref idref="oc-2a1"/>
      </symbol>
      <symbol id="sm-64e">
         <name>__TI_wrt_ok</name>
         <value>0x58d9</value>
         <object_component_ref idref="oc-358"/>
      </symbol>
      <symbol id="sm-66a">
         <name>setvbuf</name>
         <value>0x4e85</value>
         <object_component_ref idref="oc-3c2"/>
      </symbol>
      <symbol id="sm-681">
         <name>__aeabi_dsub</name>
         <value>0x4031</value>
         <object_component_ref idref="oc-14e"/>
      </symbol>
      <symbol id="sm-682">
         <name>__aeabi_dadd</name>
         <value>0x403b</value>
         <object_component_ref idref="oc-14e"/>
      </symbol>
      <symbol id="sm-6a4">
         <name>__aeabi_cdcmpeq</name>
         <value>0x52a5</value>
         <object_component_ref idref="oc-16b"/>
      </symbol>
      <symbol id="sm-6a5">
         <name>__aeabi_cdcmple</name>
         <value>0x52a5</value>
         <object_component_ref idref="oc-16b"/>
      </symbol>
      <symbol id="sm-6a6">
         <name>__aeabi_cdrcmple</name>
         <value>0x532b</value>
         <object_component_ref idref="oc-226"/>
      </symbol>
      <symbol id="sm-6ba">
         <name>__aeabi_ddiv</name>
         <value>0x45f9</value>
         <object_component_ref idref="oc-153"/>
      </symbol>
      <symbol id="sm-6c5">
         <name>__aeabi_dmul</name>
         <value>0x4ca5</value>
         <object_component_ref idref="oc-13f"/>
      </symbol>
      <symbol id="sm-6cf">
         <name>__aeabi_d2iz</name>
         <value>0x5c85</value>
         <object_component_ref idref="oc-308"/>
      </symbol>
      <symbol id="sm-6db">
         <name>__aeabi_d2f</name>
         <value>0x5603</value>
         <object_component_ref idref="oc-144"/>
      </symbol>
      <symbol id="sm-6e5">
         <name>__aeabi_d2uiz</name>
         <value>0x5ddd</value>
         <object_component_ref idref="oc-158"/>
      </symbol>
      <symbol id="sm-6f0">
         <name>__aeabi_f2d</name>
         <value>0x5ed9</value>
         <object_component_ref idref="oc-12f"/>
      </symbol>
      <symbol id="sm-6fa">
         <name>__aeabi_i2d</name>
         <value>0x6015</value>
         <object_component_ref idref="oc-134"/>
      </symbol>
      <symbol id="sm-715">
         <name>memcpy</name>
         <value>0x50e7</value>
         <object_component_ref idref="oc-44"/>
      </symbol>
      <symbol id="sm-716">
         <name>__aeabi_memcpy</name>
         <value>0x50e7</value>
         <object_component_ref idref="oc-44"/>
      </symbol>
      <symbol id="sm-717">
         <name>__aeabi_memcpy8</name>
         <value>0x50e7</value>
         <object_component_ref idref="oc-44"/>
      </symbol>
      <symbol id="sm-718">
         <name>__aeabi_memcpy4</name>
         <value>0x50e7</value>
         <object_component_ref idref="oc-44"/>
      </symbol>
      <symbol id="sm-722">
         <name>__aeabi_ui2d</name>
         <value>0x612d</value>
         <object_component_ref idref="oc-149"/>
      </symbol>
      <symbol id="sm-731">
         <name>__aeabi_memset</name>
         <value>0x5437</value>
         <object_component_ref idref="oc-ab"/>
      </symbol>
      <symbol id="sm-732">
         <name>memset</name>
         <value>0x543d</value>
         <object_component_ref idref="oc-ab"/>
      </symbol>
      <symbol id="sm-733">
         <name>__aeabi_memset8</name>
         <value>0x5437</value>
         <object_component_ref idref="oc-ab"/>
      </symbol>
      <symbol id="sm-734">
         <name>__aeabi_memset4</name>
         <value>0x5437</value>
         <object_component_ref idref="oc-ab"/>
      </symbol>
      <symbol id="sm-735">
         <name>__aeabi_memclr8</name>
         <value>0x5435</value>
         <object_component_ref idref="oc-ab"/>
      </symbol>
      <symbol id="sm-736">
         <name>__aeabi_memclr4</name>
         <value>0x5435</value>
         <object_component_ref idref="oc-ab"/>
      </symbol>
      <symbol id="sm-737">
         <name>__aeabi_memclr</name>
         <value>0x5435</value>
         <object_component_ref idref="oc-ab"/>
      </symbol>
      <symbol id="sm-744">
         <name>__aeabi_uldivmod</name>
         <value>0x5183</value>
         <object_component_ref idref="oc-302"/>
      </symbol>
      <symbol id="sm-758">
         <name>__TI_zero_init_nomemset</name>
         <value>0x614d</value>
         <object_component_ref idref="oc-50"/>
      </symbol>
      <symbol id="sm-76f">
         <name>__TI_decompress_none</name>
         <value>0x624d</value>
         <object_component_ref idref="oc-1b"/>
      </symbol>
      <symbol id="sm-792">
         <name>__TI_decompress_lzss</name>
         <value>0x5745</value>
         <object_component_ref idref="oc-15"/>
      </symbol>
      <symbol id="sm-7b8">
         <name>C$$EXIT</name>
         <value>0x628d</value>
         <object_component_ref idref="oc-1cc"/>
      </symbol>
      <symbol id="sm-7b9">
         <name>abort</name>
         <value>0x628d</value>
         <object_component_ref idref="oc-1cc"/>
      </symbol>
      <symbol id="sm-7ba">
         <name>__TI_dtors_ptr</name>
         <value>0x200014bc</value>
         <object_component_ref idref="oc-2b9"/>
      </symbol>
      <symbol id="sm-7bb">
         <name>__TI_cleanup_ptr</name>
         <value>0x200014b8</value>
         <object_component_ref idref="oc-2b9"/>
      </symbol>
      <symbol id="sm-7bc">
         <name>__TI_enable_exit_profile_output</name>
         <value>0x200014c0</value>
         <object_component_ref idref="oc-2b9"/>
      </symbol>
      <symbol id="sm-7bd">
         <name>exit</name>
         <value>0x5c3d</value>
         <object_component_ref idref="oc-1d2"/>
      </symbol>
      <symbol id="sm-7d2">
         <name>_nop</name>
         <value>0x18fb</value>
         <object_component_ref idref="oc-297"/>
      </symbol>
      <symbol id="sm-7d3">
         <name>_lock</name>
         <value>0x200014c4</value>
         <object_component_ref idref="oc-1a1"/>
      </symbol>
      <symbol id="sm-7d4">
         <name>_unlock</name>
         <value>0x200014c8</value>
         <object_component_ref idref="oc-1a1"/>
      </symbol>
      <symbol id="sm-7e3">
         <name>__TI_ltoa</name>
         <value>0x5aff</value>
         <object_component_ref idref="oc-30d"/>
      </symbol>
      <symbol id="sm-7f9">
         <name>atoi</name>
         <value>0x5bf1</value>
         <object_component_ref idref="oc-18d"/>
      </symbol>
      <symbol id="sm-804">
         <name>_ctypes_</name>
         <value>0x6290</value>
         <object_component_ref idref="oc-252"/>
      </symbol>
      <symbol id="sm-819">
         <name>__TI_tmpnams</name>
         <value>0x20001120</value>
      </symbol>
      <symbol id="sm-81a">
         <name>__aeabi_stdout</name>
         <value>0x200014b0</value>
         <object_component_ref idref="oc-444"/>
      </symbol>
      <symbol id="sm-81b">
         <name>__aeabi_stderr</name>
         <value>0x200014b4</value>
         <object_component_ref idref="oc-444"/>
      </symbol>
      <symbol id="sm-81c">
         <name>__aeabi_stdin</name>
         <value>0x200014ac</value>
         <object_component_ref idref="oc-444"/>
      </symbol>
      <symbol id="sm-81d">
         <name>_ftable</name>
         <value>0x200012e0</value>
         <object_component_ref idref="oc-441"/>
      </symbol>
      <symbol id="sm-81e">
         <name>__TI_ft_end</name>
         <value>0x200014a8</value>
         <object_component_ref idref="oc-444"/>
      </symbol>
      <symbol id="sm-82e">
         <name>memccpy</name>
         <value>0x6185</value>
         <object_component_ref idref="oc-27f"/>
      </symbol>
      <symbol id="sm-83e">
         <name>memchr</name>
         <value>0x610d</value>
         <object_component_ref idref="oc-35e"/>
      </symbol>
      <symbol id="sm-8c7">
         <name>_sys_memory</name>
         <value>0x200014e0</value>
         <object_component_ref idref="oc-24"/>
      </symbol>
      <symbol id="sm-8c8">
         <name>free</name>
         <value>0x4da1</value>
         <object_component_ref idref="oc-3f2"/>
      </symbol>
      <symbol id="sm-8c9">
         <name>memalign</name>
         <value>0x4ba5</value>
         <object_component_ref idref="oc-434"/>
      </symbol>
      <symbol id="sm-8ca">
         <name>malloc</name>
         <value>0x6279</value>
         <object_component_ref idref="oc-3f8"/>
      </symbol>
      <symbol id="sm-8cb">
         <name>aligned_alloc</name>
         <value>0x4ba5</value>
         <object_component_ref idref="oc-434"/>
      </symbol>
      <symbol id="sm-8db">
         <name>strchr</name>
         <value>0x61eb</value>
         <object_component_ref idref="oc-334"/>
      </symbol>
      <symbol id="sm-8ea">
         <name>strcmp</name>
         <value>0x61d3</value>
         <object_component_ref idref="oc-193"/>
      </symbol>
      <symbol id="sm-8f8">
         <name>strlen</name>
         <value>0x6215</value>
         <object_component_ref idref="oc-25b"/>
      </symbol>
      <symbol id="sm-90b">
         <name>__stack</name>
         <value>0x20000000</value>
         <object_component_ref idref="oc-27"/>
      </symbol>
      <symbol id="sm-90c">
         <name>_c_int00_noargs</name>
         <value>0x5fb1</value>
         <object_component_ref idref="oc-62"/>
      </symbol>
      <symbol id="sm-926">
         <name>write</name>
         <value>0x60c1</value>
         <object_component_ref idref="oc-36a"/>
      </symbol>
      <symbol id="sm-937">
         <name>_stream</name>
         <value>0x20001448</value>
         <object_component_ref idref="oc-3ce"/>
      </symbol>
      <symbol id="sm-938">
         <name>_device</name>
         <value>0x200013d0</value>
         <object_component_ref idref="oc-411"/>
      </symbol>
      <symbol id="sm-94e">
         <name>__aeabi_errno_addr</name>
         <value>0x6271</value>
         <object_component_ref idref="oc-21d"/>
      </symbol>
      <symbol id="sm-94f">
         <name>errno</name>
         <value>0x200014d4</value>
         <object_component_ref idref="oc-2d9"/>
      </symbol>
      <symbol id="sm-968">
         <name>wcslen</name>
         <value>0x6229</value>
         <object_component_ref idref="oc-285"/>
      </symbol>
      <symbol id="sm-972">
         <name>copysign</name>
         <value>0x61a1</value>
         <object_component_ref idref="oc-2e1"/>
      </symbol>
      <symbol id="sm-973">
         <name>copysignl</name>
         <value>0x61a1</value>
         <object_component_ref idref="oc-2e1"/>
      </symbol>
      <symbol id="sm-989">
         <name>frexpl</name>
         <value>0x5811</value>
         <object_component_ref idref="oc-32e"/>
      </symbol>
      <symbol id="sm-98a">
         <name>frexp</name>
         <value>0x5811</value>
         <object_component_ref idref="oc-32e"/>
      </symbol>
      <symbol id="sm-99a">
         <name>__TI_doflush</name>
         <value>0x5ba5</value>
         <object_component_ref idref="oc-364"/>
      </symbol>
      <symbol id="sm-9aa">
         <name>__TI_cleanup</name>
         <value>0x5f49</value>
         <object_component_ref idref="oc-3fe"/>
      </symbol>
      <symbol id="sm-9bc">
         <name>fseek</name>
         <value>0x5875</value>
         <object_component_ref idref="oc-3bc"/>
      </symbol>
      <symbol id="sm-9c6">
         <name>__aeabi_idiv0</name>
         <value>0x3bef</value>
         <object_component_ref idref="oc-39d"/>
      </symbol>
      <symbol id="sm-9c7">
         <name>__aeabi_ldiv0</name>
         <value>0x3bef</value>
         <object_component_ref idref="oc-39d"/>
      </symbol>
      <symbol id="sm-9ef">
         <name>__TI_auto_init_nobinit_nopinit</name>
         <value>0x5d55</value>
         <object_component_ref idref="oc-1d8"/>
      </symbol>
      <symbol id="sm-9f9">
         <name>_system_pre_init</name>
         <value>0x6289</value>
         <object_component_ref idref="oc-eb"/>
      </symbol>
      <symbol id="sm-a0c">
         <name>HOSTclose</name>
         <value>0x5ccd</value>
         <object_component_ref idref="oc-450"/>
      </symbol>
      <symbol id="sm-a1d">
         <name>HOSTlseek</name>
         <value>0x56dd</value>
         <object_component_ref idref="oc-462"/>
      </symbol>
      <symbol id="sm-a2f">
         <name>parmbuf</name>
         <value>0x200012c8</value>
      </symbol>
      <symbol id="sm-a30">
         <name>HOSTopen</name>
         <value>0x593d</value>
         <object_component_ref idref="oc-44a"/>
      </symbol>
      <symbol id="sm-a41">
         <name>HOSTread</name>
         <value>0x59f9</value>
         <object_component_ref idref="oc-456"/>
      </symbol>
      <symbol id="sm-a52">
         <name>HOSTrename</name>
         <value>0x5671</value>
         <object_component_ref idref="oc-46e"/>
      </symbol>
      <symbol id="sm-a63">
         <name>HOSTunlink</name>
         <value>0x5d11</value>
         <object_component_ref idref="oc-468"/>
      </symbol>
      <symbol id="sm-a74">
         <name>HOSTwrite</name>
         <value>0x5a51</value>
         <object_component_ref idref="oc-45c"/>
      </symbol>
      <symbol id="sm-a98">
         <name>__TI_readmsg</name>
         <value>0x5f7d</value>
         <object_component_ref idref="oc-4a1"/>
      </symbol>
      <symbol id="sm-a99">
         <name>C$$IO$$</name>
         <value>0x5ecf</value>
         <object_component_ref idref="oc-49b"/>
      </symbol>
      <symbol id="sm-a9a">
         <name>__CIOBUF_</name>
         <value>0x20001000</value>
         <object_component_ref idref="oc-4ce"/>
      </symbol>
      <symbol id="sm-a9b">
         <name>__TI_writemsg</name>
         <value>0x5ea1</value>
         <object_component_ref idref="oc-49b"/>
      </symbol>
      <symbol id="sm-aac">
         <name>lseek</name>
         <value>0x6099</value>
         <object_component_ref idref="oc-3ea"/>
      </symbol>
      <symbol id="sm-ac1">
         <name>__TI_closefile</name>
         <value>0x54b1</value>
         <object_component_ref idref="oc-43b"/>
      </symbol>
      <symbol id="sm-ae4">
         <name>finddevice</name>
         <value>0x5fe5</value>
         <object_component_ref idref="oc-4ec"/>
      </symbol>
      <symbol id="sm-ae5">
         <name>getdevice</name>
         <value>0x5d99</value>
         <object_component_ref idref="oc-4c2"/>
      </symbol>
      <symbol id="sm-af3">
         <name>strcpy</name>
         <value>0x6201</value>
         <object_component_ref idref="oc-4b5"/>
      </symbol>
      <symbol id="sm-b03">
         <name>strncpy</name>
         <value>0x5f11</value>
         <object_component_ref idref="oc-4e6"/>
      </symbol>
      <symbol id="sm-b18">
         <name>close</name>
         <value>0x599d</value>
         <object_component_ref idref="oc-486"/>
      </symbol>
      <symbol id="sm-b28">
         <name>unlink</name>
         <value>0x6045</value>
         <object_component_ref idref="oc-48c"/>
      </symbol>
      <symbol id="sm-b29">
         <name>__TI_static_base__</name>
         <value>0x0</value>
      </symbol>
      <symbol id="sm-b2c">
         <name>__mpu_init</name>
         <value>0x0</value>
      </symbol>
      <symbol id="sm-b2d">
         <name>_system_post_cinit</name>
         <value>0x0</value>
      </symbol>
      <symbol id="sm-b2e">
         <name>remove</name>
         <value>0x6045</value>
      </symbol>
   </symbol_table>
   <title>Link successful</title>
</link_info>
